 FLWSim_sfun

 Timestamp is 5dfad7f4 (Wed Dec 18 20:52:52 2019)

 Preferred load address is 0000000180000000

 Start         Length     Name                   Class
 0001:00000000 00064030H .text$mn                CODE
 0001:00064030 00000012H .text$mn$00             CODE
 0001:00064042 00000081H .text$x                 CODE
 0002:00000000 00000570H .idata$5                DATA
 0002:00000570 00000010H .00cfg                  DATA
 0002:00000580 00000008H .CRT$XCA                DATA
 0002:00000588 00000008H .CRT$XCZ                DATA
 0002:00000590 00000008H .CRT$XIA                DATA
 0002:00000598 00000008H .CRT$XIZ                DATA
 0002:000005a0 00000008H .CRT$XPA                DATA
 0002:000005a8 00000008H .CRT$XPZ                DATA
 0002:000005b0 00000008H .CRT$XTA                DATA
 0002:000005b8 00000008H .CRT$XTZ                DATA
 0002:000005c0 00000394H .rdata                  DATA
 0002:00000954 0000022cH .rdata$zzzdbg           DATA
 0002:00000b80 00000008H .rtc$IAA                DATA
 0002:00000b88 00000008H .rtc$IZZ                DATA
 0002:00000b90 00000008H .rtc$TAA                DATA
 0002:00000b98 00000008H .rtc$TZZ                DATA
 0002:00000ba0 00001950H .xdata                  DATA
 0002:000024f0 00000078H .edata                  DATA
 0002:00002568 00000118H .idata$2                DATA
 0002:00002680 00000018H .idata$3                DATA
 0002:00002698 00000570H .idata$4                DATA
 0002:00002c08 00000feaH .idata$6                DATA
 0003:00000000 00007880H .data                   DATA
 0003:00007880 00001650H .bss                    DATA
 0004:00000000 00001f2cH .pdata                  DATA
 0005:00000000 00000018H .gfids$y                DATA

  Address         Publics by Value              Rva+Base               Lib:Object

 0000:00000000       __guard_fids_table         0000000000000000     <absolute>
 0000:00000000       __guard_fids_count         0000000000000000     <absolute>
 0000:00000000       __dynamic_value_reloc_table 0000000000000000     <absolute>
 0000:00000000       ___safe_se_handler_count   0000000000000000     <absolute>
 0000:00000000       __guard_longjmp_count      0000000000000000     <absolute>
 0000:00000000       ___safe_se_handler_table   0000000000000000     <absolute>
 0000:00000000       __guard_iat_count          0000000000000000     <absolute>
 0000:00000000       __guard_iat_table          0000000000000000     <absolute>
 0000:00000000       __guard_longjmp_table      0000000000000000     <absolute>
 0000:00000100       __guard_flags              0000000000000100     <absolute>
 0000:00000000       __ImageBase                0000000180000000     <linker-defined>
 0001:00000000       FLWSim_initializer         0000000180001000 f   FLWSim_sfun.obj
 0001:00000010       FLWSim_terminator          0000000180001010 f   FLWSim_sfun.obj
 0001:00000020       load_FLWSim_optimization_info 0000000180001020 f   FLWSim_sfun.obj
 0001:000000d0       unload_FLWSim_optimization_info 00000001800010d0 f   FLWSim_sfun.obj
 0001:00000100       sf_FLWSim_method_dispatcher 0000000180001100 f   FLWSim_sfun.obj
 0001:00000190       sf_FLWSim_process_check_sum_call 0000000180001190 f   FLWSim_sfun.obj
 0001:000006b0       sf_FLWSim_autoinheritance_info 00000001800016b0 f   FLWSim_sfun.obj
 0001:00000960       sf_FLWSim_get_eml_resolved_functions_info 0000000180001960 f   FLWSim_sfun.obj
 0001:00000bf0       sf_FLWSim_third_party_uses_info 0000000180001bf0 f   FLWSim_sfun.obj
 0001:00000e30       sf_FLWSim_jit_fallback_info 0000000180001e30 f   FLWSim_sfun.obj
 0001:00001070       sf_FLWSim_updateBuildInfo_args_info 0000000180002070 f   FLWSim_sfun.obj
 0001:000012b0       FLWSim_debug_initialize    00000001800022b0 f   FLWSim_sfun.obj
 0001:00001330       FLWSim_register_exported_symbols 0000000180002330 f   FLWSim_sfun.obj
 0001:00001340       sf_c1_FLWSim_get_eml_resolved_functions_info 0000000180002340 f   c1_FLWSim.obj
 0001:000013e0       sf_c1_FLWSim_get_check_sum 00000001800023e0 f   c1_FLWSim.obj
 0001:000014b0       c1_FLWSim_method_dispatcher 00000001800024b0 f   c1_FLWSim.obj
 0001:00006a30       sf_c1_FLWSim_get_post_codegen_info 0000000180007a30 f   c1_FLWSim.obj
 0001:00006b00       sf_c1_FLWSim_get_autoinheritance_info 0000000180007b00 f   c1_FLWSim.obj
 0001:00007250       sf_c1_FLWSim_third_party_uses_info 0000000180008250 f   c1_FLWSim.obj
 0001:00007280       sf_c1_FLWSim_jit_fallback_info 0000000180008280 f   c1_FLWSim.obj
 0001:00007410       sf_c1_FLWSim_updateBuildInfo_args_info 0000000180008410 f   c1_FLWSim.obj
 0001:000080a0       sf_c2_FLWSim_get_eml_resolved_functions_info 00000001800090a0 f   c2_FLWSim.obj
 0001:00008150       sf_c2_FLWSim_get_check_sum 0000000180009150 f   c2_FLWSim.obj
 0001:00008220       c2_FLWSim_method_dispatcher 0000000180009220 f   c2_FLWSim.obj
 0001:0000f280       sf_c2_FLWSim_get_post_codegen_info 0000000180010280 f   c2_FLWSim.obj
 0001:0000f350       sf_c2_FLWSim_get_autoinheritance_info 0000000180010350 f   c2_FLWSim.obj
 0001:0000faa0       sf_c2_FLWSim_third_party_uses_info 0000000180010aa0 f   c2_FLWSim.obj
 0001:0000fad0       sf_c2_FLWSim_jit_fallback_info 0000000180010ad0 f   c2_FLWSim.obj
 0001:0000fc60       sf_c2_FLWSim_updateBuildInfo_args_info 0000000180010c60 f   c2_FLWSim.obj
 0001:000109a0       sf_c3_FLWSim_get_eml_resolved_functions_info 00000001800119a0 f   c3_FLWSim.obj
 0001:00010a70       sf_c3_FLWSim_get_check_sum 0000000180011a70 f   c3_FLWSim.obj
 0001:00010b40       c3_FLWSim_method_dispatcher 0000000180011b40 f   c3_FLWSim.obj
 0001:0001fc00       sf_c3_FLWSim_get_post_codegen_info 0000000180020c00 f   c3_FLWSim.obj
 0001:0001fcd0       sf_c3_FLWSim_get_autoinheritance_info 0000000180020cd0 f   c3_FLWSim.obj
 0001:00020400       sf_c3_FLWSim_third_party_uses_info 0000000180021400 f   c3_FLWSim.obj
 0001:00020450       sf_c3_FLWSim_jit_fallback_info 0000000180021450 f   c3_FLWSim.obj
 0001:000205e0       sf_c3_FLWSim_updateBuildInfo_args_info 00000001800215e0 f   c3_FLWSim.obj
 0001:00021320       mexFunction                0000000180022320 f   FLWSim_sfun_registry.obj
 0001:000238e0       _ssSetInputPortDirectFeedThroughFcn 00000001800248e0 f   FLWSim_sfun_registry.obj
 0001:00023a50       _ssGetInputPortSignalPtrsFcn 0000000180024a50 f   FLWSim_sfun_registry.obj
 0001:00023de0       _ssGetInputPortSignalFcn   0000000180024de0 f   FLWSim_sfun_registry.obj
 0001:00024170       _ssSetInputPortReusableFcn 0000000180025170 f   FLWSim_sfun_registry.obj
 0001:00024270       _ssSetOutputPortReusableFcn 0000000180025270 f   FLWSim_sfun_registry.obj
 0001:00024370       _ssSetSymbolicDimsSupport  0000000180025370 f   FLWSim_sfun_registry.obj
 0001:000243e0       _ssRegisterSymbolicDimsExpr 00000001800253e0 f   FLWSim_sfun_registry.obj
 0001:00024460       _ssRegisterSymbolicDims    0000000180025460 f   FLWSim_sfun_registry.obj
 0001:00024500       _ssRegisterSymbolicDimsString 0000000180025500 f   FLWSim_sfun_registry.obj
 0001:00024580       _ssRegisterSymbolicDimsIntValue 0000000180025580 f   FLWSim_sfun_registry.obj
 0001:000245f0       _ssRegisterSymbolicDimsPlus 00000001800255f0 f   FLWSim_sfun_registry.obj
 0001:00024670       _ssRegisterSymbolicDimsMinus 0000000180025670 f   FLWSim_sfun_registry.obj
 0001:000246f0       _ssRegisterSymbolicDimsMultiply 00000001800256f0 f   FLWSim_sfun_registry.obj
 0001:00024770       _ssRegisterSymbolicDimsDivide 0000000180025770 f   FLWSim_sfun_registry.obj
 0001:000247f0       _ssGetNumSymbolicDims      00000001800257f0 f   FLWSim_sfun_registry.obj
 0001:00024860       _ssGetSymbolicDim          0000000180025860 f   FLWSim_sfun_registry.obj
 0001:000248e0       _ssSetInputPortSymbolicDimsId 00000001800258e0 f   FLWSim_sfun_registry.obj
 0001:00024950       _ssGetCompInputPortSymbolicDimsId 0000000180025950 f   FLWSim_sfun_registry.obj
 0001:000249c0       _ssSetCompInputPortSymbolicDimsId 00000001800259c0 f   FLWSim_sfun_registry.obj
 0001:00024a30       _ssSetOutputPortSymbolicDimsId 0000000180025a30 f   FLWSim_sfun_registry.obj
 0001:00024aa0       _ssGetCompOutputPortSymbolicDimsId 0000000180025aa0 f   FLWSim_sfun_registry.obj
 0001:00024b10       _ssSetCompOutputPortSymbolicDimsId 0000000180025b10 f   FLWSim_sfun_registry.obj
 0001:00024b80       _ssSetCompDWorkSymbolicDimsId 0000000180025b80 f   FLWSim_sfun_registry.obj
 0001:00024bf0       ssGetIsZeroCrossControlDisabled 0000000180025bf0 f   FLWSim_sfun_registry.obj
 0001:00024c60       ssSetIsInputPortUsedForContZcSignal 0000000180025c60 f   FLWSim_sfun_registry.obj
 0001:00024cd0       ssSetZcSignalIsZcElementDisc 0000000180025cd0 f   FLWSim_sfun_registry.obj
 0001:00024d80       ssSetZcSignalName          0000000180025d80 f   FLWSim_sfun_registry.obj
 0001:00024df0       ssSetZcSignalWidth         0000000180025df0 f   FLWSim_sfun_registry.obj
 0001:00024e60       ssSetZcSignalZcEventType   0000000180025e60 f   FLWSim_sfun_registry.obj
 0001:00024ed0       ssSetZcSignalType          0000000180025ed0 f   FLWSim_sfun_registry.obj
 0001:00024f40       ssSetZcSignalZcTol         0000000180025f40 f   FLWSim_sfun_registry.obj
 0001:00024fb0       ssSetZcSignalNeedsEventNotification 0000000180025fb0 f   FLWSim_sfun_registry.obj
 0001:00025020       ssCreateAndAddZcSignalInfo 0000000180026020 f   FLWSim_sfun_registry.obj
 0001:00025090       ssCloneAndAddZcSignalInfo  0000000180026090 f   FLWSim_sfun_registry.obj
 0001:00025100       ssGetNumZcSignals          0000000180026100 f   FLWSim_sfun_registry.obj
 0001:00025170       ssGetZcSignalVector        0000000180026170 f   FLWSim_sfun_registry.obj
 0001:000251e0       ssGetZcSignalName          00000001800261e0 f   FLWSim_sfun_registry.obj
 0001:00025250       ssGetZcSignalWidth         0000000180026250 f   FLWSim_sfun_registry.obj
 0001:000252c0       ssGetZcSignalZcEventType   00000001800262c0 f   FLWSim_sfun_registry.obj
 0001:00025330       ssGetZcSignalZcEvents      0000000180026330 f   FLWSim_sfun_registry.obj
 0001:000253a0       ssGetZcSignalType          00000001800263a0 f   FLWSim_sfun_registry.obj
 0001:00025410       ssGetZcSignalZcTol         0000000180026410 f   FLWSim_sfun_registry.obj
 0001:00025490       ssGetZcSignalNeedsEventNotification 0000000180026490 f   FLWSim_sfun_registry.obj
 0001:00025500       ssGetZcSignalIsZcElementDisc 0000000180026500 f   FLWSim_sfun_registry.obj
 0001:000255a0       ssGetIsInputPortElementContinuous 00000001800265a0 f   FLWSim_sfun_registry.obj
 0001:00025640       _ssSetIWorkValueFcn        0000000180026640 f   FLWSim_sfun_registry.obj
 0001:000256c0       _ssGetIWorkValueFcn        00000001800266c0 f   FLWSim_sfun_registry.obj
 0001:00025730       _ssSetRWorkValueFcn        0000000180026730 f   FLWSim_sfun_registry.obj
 0001:000257b0       _ssGetRWorkValueFcn        00000001800267b0 f   FLWSim_sfun_registry.obj
 0001:00025820       _ssSetPWorkValueFcn        0000000180026820 f   FLWSim_sfun_registry.obj
 0001:000258a0       _ssGetPWorkValueFcn        00000001800268a0 f   FLWSim_sfun_registry.obj
 0001:00025910       ssGetDTypeIdFromMxArray    0000000180026910 f   FLWSim_sfun_registry.obj
 0001:00025a30       ssWriteRTWStr              0000000180026a30 f   FLWSim_sfun_registry.obj
 0001:00025a90       ssWriteRTWNameValuePair    0000000180026a90 f   FLWSim_sfun_registry.obj
 0001:00025f90       ssWriteRTWParamSettings    0000000180026f90 f   FLWSim_sfun_registry.obj
 0001:00026680       ssWriteRTWParameters       0000000180027680 f   FLWSim_sfun_registry.obj
 0001:00026c40       ssWriteRTWWorkVect         0000000180027c40 f   FLWSim_sfun_registry.obj
 0001:000271a0       ssWriteRTWMxVectParam      00000001800281a0 f   FLWSim_sfun_registry.obj
 0001:00027220       ssWriteRTWMx2dMatParam     0000000180028220 f   FLWSim_sfun_registry.obj
 0001:000272b0       _ssSetInputPortMatrixDimensions 00000001800282b0 f   FLWSim_sfun_registry.obj
 0001:000273d0       _ssSetOutputPortMatrixDimensions 00000001800283d0 f   FLWSim_sfun_registry.obj
 0001:000274f0       _ssSetInputPortVectorDimension 00000001800284f0 f   FLWSim_sfun_registry.obj
 0001:000275a0       _ssSetOutputPortVectorDimension 00000001800285a0 f   FLWSim_sfun_registry.obj
 0001:00027650       ssIsRunTimeParamTunable    0000000180028650 f   FLWSim_sfun_registry.obj
 0001:000276c0       ssGetSFuncBlockHandle      00000001800286c0 f   FLWSim_sfun_registry.obj
 0001:00027730       _ssGetCurrentInputPortWidth 0000000180028730 f   FLWSim_sfun_registry.obj
 0001:00027850       _ssGetCurrentOutputPortWidth 0000000180028850 f   FLWSim_sfun_registry.obj
 0001:00027970       _ssGetCallSystemNumFcnCallDestinations 0000000180028970 f   FLWSim_sfun_registry.obj
 0001:000279e0       ssGetParameterTuningCompliance 00000001800289e0 f   FLWSim_sfun_registry.obj
 0001:00027a50       ssWarning                  0000000180028a50 f   FLWSim_sfun_registry.obj
 0001:00027b40       _ssGetAbsTol               0000000180028b40 f   FLWSim_sfun_registry.obj
 0001:00027bb0       _ssSetStateAbsTol          0000000180028bb0 f   FLWSim_sfun_registry.obj
 0001:00027c90       sf_process_check_sum_call  0000000180028c90 f   FLWSim_sfun_registry.obj
 0001:00027ce0       sf_process_autoinheritance_call 0000000180028ce0 f   FLWSim_sfun_registry.obj
 0001:00027f10       sf_process_get_third_party_uses_info_call 0000000180028f10 f   FLWSim_sfun_registry.obj
 0001:00028140       sf_process_get_jit_fallback_info_call 0000000180029140 f   FLWSim_sfun_registry.obj
 0001:00028370       sf_process_get_updateBuildInfo_args_info_call 0000000180029370 f   FLWSim_sfun_registry.obj
 0001:000285a0       sf_process_get_eml_resolved_functions_info_call 00000001800295a0 f   FLWSim_sfun_registry.obj
 0001:000287d0       sf_mex_unlock_call         00000001800297d0 f   FLWSim_sfun_registry.obj
 0001:00028a70       sf_machine_global_initializer_called 0000000180029a70 f   FLWSim_sfun_registry.obj
 0001:00028aa0       sf_machine_global_method_dispatcher 0000000180029aa0 f   FLWSim_sfun_registry.obj
 0001:00028b00       sf_machine_global_terminator 0000000180029b00 f   FLWSim_sfun_registry.obj
 0001:00028b50       sf_register_machine_exported_symbols 0000000180029b50 f   FLWSim_sfun_registry.obj
 0001:00028b70       callCustomFcn              0000000180029b70 f   FLWSim_sfun_registry.obj
 0001:00028b80       sf_machine_global_initializer 0000000180029b80 f   FLWSim_sfun_registry.obj
 0001:00028c00       mdlGetSimState             0000000180029c00 f   FLWSim_sfun_registry.obj
 0001:00028c40       mdlSetSimState             0000000180029c40 f   FLWSim_sfun_registry.obj
 0001:000294b0       ProcessMexSfunctionEveryCall 000000018002a4b0 f   FLWSim_sfun_registry.obj
 0001:0002a510       __local_stdio_printf_options 000000018002b510 f i FLWSim_sfun_registry.obj
 0001:0002a520       _vsnprintf_l               000000018002b520 f i FLWSim_sfun_registry.obj
 0001:0002a5a0       _vsprintf_l                000000018002b5a0 f i FLWSim_sfun_registry.obj
 0001:0002a5f0       sprintf                    000000018002b5f0 f i FLWSim_sfun_registry.obj
 0001:0002a640       mexfilerequiredapiversion  000000018002b640 f   c_mexapi_version.obj
 0001:0002a670       CoriolisTerm_src           000000018002b670 f   CoriolisTerm_src.obj
 0001:00033200       Cos                        0000000180034200 f i CoriolisTerm_src.obj
 0001:00033220       Power                      0000000180034220 f i CoriolisTerm_src.obj
 0001:00033250       Sin                        0000000180034250 f i CoriolisTerm_src.obj
 0001:00033270       GravityVector_src          0000000180034270 f   GravityVector_src.obj
 0001:00033a20       InertiaMatrix_src          0000000180034a20 f   InertiaMatrix_src.obj
 0001:00035b90       AMBody_LeftShin_src        0000000180036b90 f   AMBody_LeftShin_src.obj
 0001:00035c80       AMBody_LeftThigh_src       0000000180036c80 f   AMBody_LeftThigh_src.obj
 0001:00035d50       AMBody_RightShin_src       0000000180036d50 f   AMBody_RightShin_src.obj
 0001:00035e40       AMBody_RightThigh_src      0000000180036e40 f   AMBody_RightThigh_src.obj
 0001:00035f10       AMBody_torso_src           0000000180036f10 f   AMBody_torso_src.obj
 0001:00035fd0       AMWorld_LeftShin_src       0000000180036fd0 f   AMWorld_LeftShin_src.obj
 0001:000360c0       AMWorld_LeftThigh_src      00000001800370c0 f   AMWorld_LeftThigh_src.obj
 0001:00036190       AMWorld_RightShin_src      0000000180037190 f   AMWorld_RightShin_src.obj
 0001:00036280       AMWorld_RightThigh_src     0000000180037280 f   AMWorld_RightThigh_src.obj
 0001:00036350       AMWorld_torso_src          0000000180037350 f   AMWorld_torso_src.obj
 0001:00036410       dJb_Head_src               0000000180037410 f   dJb_Head_src.obj
 0001:000368b0       dJb_LeftHip_src            00000001800378b0 f   dJb_LeftHip_src.obj
 0001:00036f60       dJb_LeftKnee_src           0000000180037f60 f   dJb_LeftKnee_src.obj
 0001:00037bd0       dJb_LeftShin_src           0000000180038bd0 f   dJb_LeftShin_src.obj
 0001:00038a90       dJb_LeftThigh_src          0000000180039a90 f   dJb_LeftThigh_src.obj
 0001:00039140       dJb_LeftToe_src            000000018003a140 f   dJb_LeftToe_src.obj
 0001:0003a010       dJb_RightHip_src           000000018003b010 f   dJb_RightHip_src.obj
 0001:0003a6c0       dJb_RightKnee_src          000000018003b6c0 f   dJb_RightKnee_src.obj
 0001:0003b330       dJb_RightShin_src          000000018003c330 f   dJb_RightShin_src.obj
 0001:0003c1f0       dJb_RightThigh_src         000000018003d1f0 f   dJb_RightThigh_src.obj
 0001:0003c8a0       dJb_RightToe_src           000000018003d8a0 f   dJb_RightToe_src.obj
 0001:0003d770       dJb_torso_src              000000018003e770 f   dJb_torso_src.obj
 0001:0003dc10       dJp_Head_src               000000018003ec10 f   dJp_Head_src.obj
 0001:0003deb0       dJp_LeftHip_src            000000018003eeb0 f   dJp_LeftHip_src.obj
 0001:0003e0d0       dJp_LeftKnee_src           000000018003f0d0 f   dJp_LeftKnee_src.obj
 0001:0003eb10       dJp_LeftShin_src           000000018003fb10 f   dJp_LeftShin_src.obj
 0001:0003f550       dJp_LeftThigh_src          0000000180040550 f   dJp_LeftThigh_src.obj
 0001:0003f9c0       dJp_LeftToe_src            00000001800409c0 f   dJp_LeftToe_src.obj
 0001:00040400       dJp_RightHip_src           0000000180041400 f   dJp_RightHip_src.obj
 0001:00040620       dJp_RightKnee_src          0000000180041620 f   dJp_RightKnee_src.obj
 0001:00041060       dJp_RightShin_src          0000000180042060 f   dJp_RightShin_src.obj
 0001:00041aa0       dJp_RightThigh_src         0000000180042aa0 f   dJp_RightThigh_src.obj
 0001:00041f10       dJp_RightToe_src           0000000180042f10 f   dJp_RightToe_src.obj
 0001:00042950       dJp_torso_src              0000000180043950 f   dJp_torso_src.obj
 0001:00042bf0       dJs_Head_src               0000000180043bf0 f   dJs_Head_src.obj
 0001:00043010       dJs_LeftHip_src            0000000180044010 f   dJs_LeftHip_src.obj
 0001:00043450       dJs_LeftKnee_src           0000000180044450 f   dJs_LeftKnee_src.obj
 0001:00043ae0       dJs_LeftShin_src           0000000180044ae0 f   dJs_LeftShin_src.obj
 0001:00044170       dJs_LeftThigh_src          0000000180045170 f   dJs_LeftThigh_src.obj
 0001:000445b0       dJs_LeftToe_src            00000001800455b0 f   dJs_LeftToe_src.obj
 0001:00044c40       dJs_RightHip_src           0000000180045c40 f   dJs_RightHip_src.obj
 0001:00045080       dJs_RightKnee_src          0000000180046080 f   dJs_RightKnee_src.obj
 0001:00045710       dJs_RightShin_src          0000000180046710 f   dJs_RightShin_src.obj
 0001:00045da0       dJs_RightThigh_src         0000000180046da0 f   dJs_RightThigh_src.obj
 0001:000461e0       dJs_RightToe_src           00000001800471e0 f   dJs_RightToe_src.obj
 0001:00046870       dJs_torso_src              0000000180047870 f   dJs_torso_src.obj
 0001:00046c90       dR_Head_src                0000000180047c90 f   dR_Head_src.obj
 0001:00046e50       dR_LeftHip_src             0000000180047e50 f   dR_LeftHip_src.obj
 0001:000471c0       dR_LeftKnee_src            00000001800481c0 f   dR_LeftKnee_src.obj
 0001:000477c0       dR_LeftShin_src            00000001800487c0 f   dR_LeftShin_src.obj
 0001:00047dc0       dR_LeftThigh_src           0000000180048dc0 f   dR_LeftThigh_src.obj
 0001:00048130       dR_LeftToe_src             0000000180049130 f   dR_LeftToe_src.obj
 0001:00048730       dR_RightHip_src            0000000180049730 f   dR_RightHip_src.obj
 0001:00048aa0       dR_RightKnee_src           0000000180049aa0 f   dR_RightKnee_src.obj
 0001:000490a0       dR_RightShin_src           000000018004a0a0 f   dR_RightShin_src.obj
 0001:000496a0       dR_RightThigh_src          000000018004a6a0 f   dR_RightThigh_src.obj
 0001:00049a10       dR_RightToe_src            000000018004aa10 f   dR_RightToe_src.obj
 0001:0004a010       dR_torso_src               000000018004b010 f   dR_torso_src.obj
 0001:0004a1d0       dT_Head_src                000000018004b1d0 f   dT_Head_src.obj
 0001:0004a4a0       dT_LeftHip_src             000000018004b4a0 f   dT_LeftHip_src.obj
 0001:0004a8f0       dT_LeftKnee_src            000000018004b8f0 f   dT_LeftKnee_src.obj
 0001:0004b290       dT_LeftShin_src            000000018004c290 f   dT_LeftShin_src.obj
 0001:0004bc30       dT_LeftThigh_src           000000018004cc30 f   dT_LeftThigh_src.obj
 0001:0004c120       dT_LeftToe_src             000000018004d120 f   dT_LeftToe_src.obj
 0001:0004cac0       dT_RightHip_src            000000018004dac0 f   dT_RightHip_src.obj
 0001:0004cf10       dT_RightKnee_src           000000018004df10 f   dT_RightKnee_src.obj
 0001:0004d8b0       dT_RightShin_src           000000018004e8b0 f   dT_RightShin_src.obj
 0001:0004e250       dT_RightThigh_src          000000018004f250 f   dT_RightThigh_src.obj
 0001:0004e740       dT_RightToe_src            000000018004f740 f   dT_RightToe_src.obj
 0001:0004f0e0       dT_torso_src               00000001800500e0 f   dT_torso_src.obj
 0001:0004f3b0       Inertia_LeftShin_src       00000001800503b0 f   Inertia_LeftShin_src.obj
 0001:0004f4c0       Inertia_LeftThigh_src      00000001800504c0 f   Inertia_LeftThigh_src.obj
 0001:0004f5d0       Inertia_RightShin_src      00000001800505d0 f   Inertia_RightShin_src.obj
 0001:0004f6e0       Inertia_RightThigh_src     00000001800506e0 f   Inertia_RightThigh_src.obj
 0001:0004f7f0       Inertia_torso_src          00000001800507f0 f   Inertia_torso_src.obj
 0001:0004f900       Jb_Head_src                0000000180050900 f   Jb_Head_src.obj
 0001:0004fd60       Jb_LeftHip_src             0000000180050d60 f   Jb_LeftHip_src.obj
 0001:00050250       Jb_LeftKnee_src            0000000180051250 f   Jb_LeftKnee_src.obj
 0001:00050a60       Jb_LeftShin_src            0000000180051a60 f   Jb_LeftShin_src.obj
 0001:00051310       Jb_LeftThigh_src           0000000180052310 f   Jb_LeftThigh_src.obj
 0001:00051880       Jb_LeftToe_src             0000000180052880 f   Jb_LeftToe_src.obj
 0001:00052130       Jb_RightHip_src            0000000180053130 f   Jb_RightHip_src.obj
 0001:00052620       Jb_RightKnee_src           0000000180053620 f   Jb_RightKnee_src.obj
 0001:00052e30       Jb_RightShin_src           0000000180053e30 f   Jb_RightShin_src.obj
 0001:000536e0       Jb_RightThigh_src          00000001800546e0 f   Jb_RightThigh_src.obj
 0001:00053c50       Jb_RightToe_src            0000000180054c50 f   Jb_RightToe_src.obj
 0001:00054500       Jb_torso_src               0000000180055500 f   Jb_torso_src.obj
 0001:00054960       Jp_Head_src                0000000180055960 f   Jp_Head_src.obj
 0001:00054bd0       Jp_LeftHip_src             0000000180055bd0 f   Jp_LeftHip_src.obj
 0001:00054df0       Jp_LeftKnee_src            0000000180055df0 f   Jp_LeftKnee_src.obj
 0001:000554f0       Jp_LeftShin_src            00000001800564f0 f   Jp_LeftShin_src.obj
 0001:00055bf0       Jp_LeftThigh_src           0000000180056bf0 f   Jp_LeftThigh_src.obj
 0001:00055f90       Jp_LeftToe_src             0000000180056f90 f   Jp_LeftToe_src.obj
 0001:00056690       Jp_RightHip_src            0000000180057690 f   Jp_RightHip_src.obj
 0001:000568b0       Jp_RightKnee_src           00000001800578b0 f   Jp_RightKnee_src.obj
 0001:00056fb0       Jp_RightShin_src           0000000180057fb0 f   Jp_RightShin_src.obj
 0001:000576b0       Jp_RightThigh_src          00000001800586b0 f   Jp_RightThigh_src.obj
 0001:00057a50       Jp_RightToe_src            0000000180058a50 f   Jp_RightToe_src.obj
 0001:00058150       Jp_torso_src               0000000180059150 f   Jp_torso_src.obj
 0001:000583c0       Js_Head_src                00000001800593c0 f   Js_Head_src.obj
 0001:000587d0       Js_LeftHip_src             00000001800597d0 f   Js_LeftHip_src.obj
 0001:00058c10       Js_LeftKnee_src            0000000180059c10 f   Js_LeftKnee_src.obj
 0001:00059160       Js_LeftShin_src            000000018005a160 f   Js_LeftShin_src.obj
 0001:000596b0       Js_LeftThigh_src           000000018005a6b0 f   Js_LeftThigh_src.obj
 0001:00059af0       Js_LeftToe_src             000000018005aaf0 f   Js_LeftToe_src.obj
 0001:0005a040       Js_RightHip_src            000000018005b040 f   Js_RightHip_src.obj
 0001:0005a480       Js_RightKnee_src           000000018005b480 f   Js_RightKnee_src.obj
 0001:0005a9d0       Js_RightShin_src           000000018005b9d0 f   Js_RightShin_src.obj
 0001:0005af20       Js_RightThigh_src          000000018005bf20 f   Js_RightThigh_src.obj
 0001:0005b360       Js_RightToe_src            000000018005c360 f   Js_RightToe_src.obj
 0001:0005b8b0       Js_torso_src               000000018005c8b0 f   Js_torso_src.obj
 0001:0005bcc0       p_Head_src                 000000018005ccc0 f   p_Head_src.obj
 0001:0005bdd0       p_LeftHip_src              000000018005cdd0 f   p_LeftHip_src.obj
 0001:0005be70       p_LeftKnee_src             000000018005ce70 f   p_LeftKnee_src.obj
 0001:0005c200       p_LeftShin_src             000000018005d200 f   p_LeftShin_src.obj
 0001:0005c590       p_LeftThigh_src            000000018005d590 f   p_LeftThigh_src.obj
 0001:0005c710       p_LeftToe_src              000000018005d710 f   p_LeftToe_src.obj
 0001:0005caa0       p_RightHip_src             000000018005daa0 f   p_RightHip_src.obj
 0001:0005cb40       p_RightKnee_src            000000018005db40 f   p_RightKnee_src.obj
 0001:0005ced0       p_RightShin_src            000000018005ded0 f   p_RightShin_src.obj
 0001:0005d260       p_RightThigh_src           000000018005e260 f   p_RightThigh_src.obj
 0001:0005d3e0       p_RightToe_src             000000018005e3e0 f   p_RightToe_src.obj
 0001:0005d770       p_torso_src                000000018005e770 f   p_torso_src.obj
 0001:0005d880       R_Head_src                 000000018005e880 f   R_Head_src.obj
 0001:0005d9e0       R_LeftHip_src              000000018005e9e0 f   R_LeftHip_src.obj
 0001:0005dbf0       R_LeftKnee_src             000000018005ebf0 f   R_LeftKnee_src.obj
 0001:0005df40       R_LeftShin_src             000000018005ef40 f   R_LeftShin_src.obj
 0001:0005e290       R_LeftThigh_src            000000018005f290 f   R_LeftThigh_src.obj
 0001:0005e4a0       R_LeftToe_src              000000018005f4a0 f   R_LeftToe_src.obj
 0001:0005e7f0       R_RightHip_src             000000018005f7f0 f   R_RightHip_src.obj
 0001:0005ea00       R_RightKnee_src            000000018005fa00 f   R_RightKnee_src.obj
 0001:0005ed50       R_RightShin_src            000000018005fd50 f   R_RightShin_src.obj
 0001:0005f0a0       R_RightThigh_src           00000001800600a0 f   R_RightThigh_src.obj
 0001:0005f2b0       R_RightToe_src             00000001800602b0 f   R_RightToe_src.obj
 0001:0005f600       R_torso_src                0000000180060600 f   R_torso_src.obj
 0001:0005f760       T_Head_src                 0000000180060760 f   T_Head_src.obj
 0001:0005f9a0       T_LeftHip_src              00000001800609a0 f   T_LeftHip_src.obj
 0001:0005fc70       T_LeftKnee_src             0000000180060c70 f   T_LeftKnee_src.obj
 0001:000601f0       T_LeftShin_src             00000001800611f0 f   T_LeftShin_src.obj
 0001:00060770       T_LeftThigh_src            0000000180061770 f   T_LeftThigh_src.obj
 0001:00060ac0       T_LeftToe_src              0000000180061ac0 f   T_LeftToe_src.obj
 0001:00061040       T_RightHip_src             0000000180062040 f   T_RightHip_src.obj
 0001:00061310       T_RightKnee_src            0000000180062310 f   T_RightKnee_src.obj
 0001:00061890       T_RightShin_src            0000000180062890 f   T_RightShin_src.obj
 0001:00061e10       T_RightThigh_src           0000000180062e10 f   T_RightThigh_src.obj
 0001:00062160       T_RightToe_src             0000000180063160 f   T_RightToe_src.obj
 0001:000626e0       T_torso_src                00000001800636e0 f   T_torso_src.obj
 0001:0006291a       dtrsm                      000000018006391a f   libmwblas:libmwblas.dll
 0001:00062920       sf_load_rtw_optimization_info 0000000180063920 f   sf_runtime:sf_runtime.dll
 0001:00062926       sf_debug_initialize_machine 0000000180063926 f   sf_runtime:sf_runtime.dll
 0001:0006292c       sf_debug_set_machine_event_thresholds 000000018006392c f   sf_runtime:sf_runtime.dll
 0001:00062932       sf_debug_set_machine_data_thresholds 0000000180063932 f   sf_runtime:sf_runtime.dll
 0001:00062938       sf_init_ChartRunTimeInfo   0000000180063938 f   sf_runtime:sf_runtime.dll
 0001:0006293e       sf_free_ChartRunTimeInfo   000000018006393e f   sf_runtime:sf_runtime.dll
 0001:00062944       sfrtGetEmlrtCtx            0000000180063944 f   sf_runtime:sf_runtime.dll
 0001:0006294a       sf_get_chart_instance_ptr  000000018006394a f   sf_runtime:sf_runtime.dll
 0001:00062950       sf_rtw_info_uint_prop      0000000180063950 f   sf_runtime:sf_runtime.dll
 0001:00062956       sf_update_buildInfo        0000000180063956 f   sf_runtime:sf_runtime.dll
 0001:0006295c       sf_is_chart_inlinable      000000018006395c f   sf_runtime:sf_runtime.dll
 0001:00062962       sf_mark_chart_reusable_outputs 0000000180063962 f   sf_runtime:sf_runtime.dll
 0001:00062968       sf_mark_chart_expressionable_inputs 0000000180063968 f   sf_runtime:sf_runtime.dll
 0001:0006296e       sim_mode_is_rtw_gen        000000018006396e f   sf_runtime:sf_runtime.dll
 0001:00062974       sim_mode_is_external       0000000180063974 f   sf_runtime:sf_runtime.dll
 0001:0006297a       sim_mode_is_modelref_sim   000000018006397a f   sf_runtime:sf_runtime.dll
 0001:00062980       sf_clear_rtw_identifier    0000000180063980 f   sf_runtime:sf_runtime.dll
 0001:00062986       sf_set_rtw_dwork_info      0000000180063986 f   sf_runtime:sf_runtime.dll
 0001:0006298c       sf_get_time                000000018006398c f   sf_runtime:sf_runtime.dll
 0001:00062992       sf_is_first_init_cond      0000000180063992 f   sf_runtime:sf_runtime.dll
 0001:00062998       sf_set_chart_accesses_machine_info 0000000180063998 f   sf_runtime:sf_runtime.dll
 0001:0006299e       sf_register_codegen_names_for_scoped_functions_defined_by_chart 000000018006399e f   sf_runtime:sf_runtime.dll
 0001:000629a4       ssSetBlockIsPurelyCombinatorial_wrapper 00000001800639a4 f   sf_runtime:sf_runtime.dll
 0001:000629aa       sf_mex_error_message       00000001800639aa f   sf_runtime:sf_runtime.dll
 0001:000629b0       sf_mex_create              00000001800639b0 f   sf_runtime:sf_runtime.dll
 0001:000629b6       sf_mex_createcellmatrix    00000001800639b6 f   sf_runtime:sf_runtime.dll
 0001:000629bc       sf_mex_setcell             00000001800639bc f   sf_runtime:sf_runtime.dll
 0001:000629c2       sf_mex_getcell             00000001800639c2 f   sf_runtime:sf_runtime.dll
 0001:000629c8       sf_mex_assign              00000001800639c8 f   sf_runtime:sf_runtime.dll
 0001:000629ce       sf_mex_dup                 00000001800639ce f   sf_runtime:sf_runtime.dll
 0001:000629d4       sf_mex_destroy             00000001800639d4 f   sf_runtime:sf_runtime.dll
 0001:000629da       sf_mex_import              00000001800639da f   sf_runtime:sf_runtime.dll
 0001:000629e0       sf_mex_decode_encoded_mx_struct_array 00000001800639e0 f   sf_runtime:sf_runtime.dll
 0001:000629e6       ssGetInputPortSignal_wrapper 00000001800639e6 f   sf_runtime:sf_runtime.dll
 0001:000629ec       ssGetOutputPortSignal_wrapper 00000001800639ec f   sf_runtime:sf_runtime.dll
 0001:000629f2       sf_debug_initialize_chart  00000001800639f2 f   sf_runtime:sf_runtime.dll
 0001:000629f8       sf_debug_call              00000001800639f8 f   sf_runtime:sf_runtime.dll
 0001:000629fe       eml_debug_line_call        00000001800639fe f   sf_runtime:sf_runtime.dll
 0001:00062a04       cv_eml_eval                0000000180063a04 f   sf_runtime:sf_runtime.dll
 0001:00062a0a       cv_eval_relational         0000000180063a0a f   sf_runtime:sf_runtime.dll
 0001:00062a10       cv_eml_init_script         0000000180063a10 f   sf_runtime:sf_runtime.dll
 0001:00062a16       cv_eml_init_fcn            0000000180063a16 f   sf_runtime:sf_runtime.dll
 0001:00062a1c       cv_eml_init_if             0000000180063a1c f   sf_runtime:sf_runtime.dll
 0001:00062a22       cv_eml_init_relational     0000000180063a22 f   sf_runtime:sf_runtime.dll
 0001:00062a28       cv_script_eval             0000000180063a28 f   sf_runtime:sf_runtime.dll
 0001:00062a2e       cv_script_init_script      0000000180063a2e f   sf_runtime:sf_runtime.dll
 0001:00062a34       cv_script_init_fcn         0000000180063a34 f   sf_runtime:sf_runtime.dll
 0001:00062a3a       cv_script_init_if          0000000180063a3a f   sf_runtime:sf_runtime.dll
 0001:00062a40       sf_debug_reset_current_state_configuration 0000000180063a40 f   sf_runtime:sf_runtime.dll
 0001:00062a46       sf_debug_check_for_state_inconsistency 0000000180063a46 f   sf_runtime:sf_runtime.dll
 0001:00062a4c       sf_debug_set_chart_data_props 0000000180063a4c f   sf_runtime:sf_runtime.dll
 0001:00062a52       sf_debug_set_chart_data_compiled_props 0000000180063a52 f   sf_runtime:sf_runtime.dll
 0001:00062a58       sf_debug_symbol_scope_push 0000000180063a58 f   sf_runtime:sf_runtime.dll
 0001:00062a5e       sf_debug_symbol_scope_push_eml 0000000180063a5e f   sf_runtime:sf_runtime.dll
 0001:00062a64       sf_debug_symbol_scope_pop  0000000180063a64 f   sf_runtime:sf_runtime.dll
 0001:00062a6a       sf_debug_symbol_scope_add_eml 0000000180063a6a f   sf_runtime:sf_runtime.dll
 0001:00062a70       sf_debug_symbol_scope_add_eml_importable 0000000180063a70 f   sf_runtime:sf_runtime.dll
 0001:00062a76       sf_debug_set_instance_data_value_ptr 0000000180063a76 f   sf_runtime:sf_runtime.dll
 0001:00062a7c       sf_debug_set_chart_disable_implicit_casting 0000000180063a7c f   sf_runtime:sf_runtime.dll
 0001:00062a82       sf_debug_set_chart_event_thresholds 0000000180063a82 f   sf_runtime:sf_runtime.dll
 0001:00062a88       sf_debug_set_chart_state_info 0000000180063a88 f   sf_runtime:sf_runtime.dll
 0001:00062a8e       sf_debug_set_chart_decomposition 0000000180063a8e f   sf_runtime:sf_runtime.dll
 0001:00062a94       sf_debug_set_chart_substate_count 0000000180063a94 f   sf_runtime:sf_runtime.dll
 0001:00062a9a       sf_debug_data_range_wrapper 0000000180063a9a f   sf_runtime:sf_runtime.dll
 0001:00062aa0       sf_debug_cv_init_trans     0000000180063aa0 f   sf_runtime:sf_runtime.dll
 0001:00062aa6       sf_debug_cv_init_chart     0000000180063aa6 f   sf_runtime:sf_runtime.dll
 0001:00062aac       sf_debug_cv_init_state     0000000180063aac f   sf_runtime:sf_runtime.dll
 0001:00062ab2       sf_debug_get_script_id     0000000180063ab2 f   sf_runtime:sf_runtime.dll
 0001:00062ab8       sf_debug_set_script_translation 0000000180063ab8 f   sf_runtime:sf_runtime.dll
 0001:00062abe       sf_mex_call_debug          0000000180063abe f   sf_runtime:sf_runtime.dll
 0001:00062ac4       sf_get_ChartInfoStruct_CodeGen 0000000180063ac4 f   sf_runtime:sf_runtime.dll
 0001:00062aca       sf_get_hasSeparateUpdateOutputs 0000000180063aca f   sf_runtime:sf_runtime.dll
 0001:00062ad0       callMdlMethodAndReportError 0000000180063ad0 f   sf_runtime:sf_runtime.dll
 0001:00062ad6       call_sf_machine_global_method_dispatcher 0000000180063ad6 f   sf_runtime:sf_runtime.dll
 0001:00062adc       getRuntimeInstanceInfoAsVoid 0000000180063adc f   sf_runtime:sf_runtime.dll
 0001:00062ae2       sf_mex_error_direct_call   0000000180063ae2 f   sf_runtime:sf_runtime.dll
 0001:00062ae8       sf_clear_error_manager_info 0000000180063ae8 f   sf_runtime:sf_runtime.dll
 0001:00062aee       sf_debug_create_debug_instance_struct 0000000180063aee f   sf_runtime:sf_runtime.dll
 0001:00062af4       sf_debug_terminate         0000000180063af4 f   sf_runtime:sf_runtime.dll
 0001:00062afa       sf_debug_api               0000000180063afa f   sf_runtime:sf_runtime.dll
 0001:00062b00       mxIsChar                   0000000180063b00 f   libmx:libmx.dll
 0001:00062b06       mxGetPr                    0000000180063b06 f   libmx:libmx.dll
 0001:00062b0c       mxGetScalar                0000000180063b0c f   libmx:libmx.dll
 0001:00062b12       mxDestroyArray             0000000180063b12 f   libmx:libmx.dll
 0001:00062b18       mxCreateDoubleMatrix_730   0000000180063b18 f   libmx:libmx.dll
 0001:00062b1e       mxGetString_730            0000000180063b1e f   libmx:libmx.dll
 0001:00062b24       mxDuplicateArray           0000000180063b24 f   libmx:libmx.dll
 0001:00062b2a       mxSetField_730             0000000180063b2a f   libmx:libmx.dll
 0001:00062b30       mxCreateDoubleScalar       0000000180063b30 f   libmx:libmx.dll
 0001:00062b36       mxCreateString             0000000180063b36 f   libmx:libmx.dll
 0001:00062b3c       mxCreateCellMatrix_730     0000000180063b3c f   libmx:libmx.dll
 0001:00062b42       mxCreateCellArray_730      0000000180063b42 f   libmx:libmx.dll
 0001:00062b48       mxCreateStructMatrix_730   0000000180063b48 f   libmx:libmx.dll
 0001:00062b4e       mxCreateStructArray_730    0000000180063b4e f   libmx:libmx.dll
 0001:00062b54       mxGetNaN                   0000000180063b54 f   libmx:libmx.dll
 0001:00062b5a       mxSetCell_730              0000000180063b5a f   libmx:libmx.dll
 0001:00062b60       mxCalloc                   0000000180063b60 f   libmx:libmx.dll
 0001:00062b66       mxGetM                     0000000180063b66 f   libmx:libmx.dll
 0001:00062b6c       mxGetClassID               0000000180063b6c f   libmx:libmx.dll
 0001:00062b72       mxIsNumeric                0000000180063b72 f   libmx:libmx.dll
 0001:00062b78       mxIsComplex                0000000180063b78 f   libmx:libmx.dll
 0001:00062b7e       mxGetN                     0000000180063b7e f   libmx:libmx.dll
 0001:00062b84       mexMakeArrayPersistent     0000000180063b84 f   libmex:libmex.dll
 0001:00062b8a       mexErrMsgTxt               0000000180063b8a f   libmex:libmex.dll
 0001:00062b90       mexWarnMsgTxt              0000000180063b90 f   libmex:libmex.dll
 0001:00062b96       mexCallMATLABWithObject    0000000180063b96 f   libmex:libmex.dll
 0001:00062b9c       mexLock                    0000000180063b9c f   libmex:libmex.dll
 0001:00062ba2       mexUnlock                  0000000180063ba2 f   libmex:libmex.dll
 0001:00062ba8       mexIsLocked                0000000180063ba8 f   libmex:libmex.dll
 0001:00062bae       utMalloc                   0000000180063bae f   libut:libut.dll
 0001:00062bb4       utFree                     0000000180063bb4 f   libut:libut.dll
 0001:00062bba       muDoubleScalarAbs          0000000180063bba f   libmwmathutil:libmwmathutil.dll
 0001:00062bc0       muDoubleScalarIsNaN        0000000180063bc0 f   libmwmathutil:libmwmathutil.dll
 0001:00062bc6       muDoubleScalarCeil         0000000180063bc6 f   libmwmathutil:libmwmathutil.dll
 0001:00062bcc       muDoubleScalarFloor        0000000180063bcc f   libmwmathutil:libmwmathutil.dll
 0001:00062bd2       muDoubleScalarRem          0000000180063bd2 f   libmwmathutil:libmwmathutil.dll
 0001:00062bd8       muDoubleScalarIsInf        0000000180063bd8 f   libmwmathutil:libmwmathutil.dll
 0001:00062bde       emlrtNameCaptureMxArrayR2016a 0000000180063bde f   libemlrt:libemlrt.dll
 0001:00062be4       __raise_securityfailure    0000000180063be4 f   MSVCRT:gs_report.obj
 0001:00062c18       __report_gsfailure         0000000180063c18 f   MSVCRT:gs_report.obj
 0001:00062cec       __report_rangecheckfailure 0000000180063cec f   MSVCRT:gs_report.obj
 0001:00062d00       __report_securityfailure   0000000180063d00 f   MSVCRT:gs_report.obj
 0001:00062d9c       __report_securityfailureEx 0000000180063d9c f   MSVCRT:gs_report.obj
 0001:00062f90       __GSHandlerCheck           0000000180063f90 f   MSVCRT:_gshandler_.obj
 0001:00062fb0       __GSHandlerCheckCommon     0000000180063fb0 f   MSVCRT:_gshandler_.obj
 0001:00063020       __security_check_cookie    0000000180064020 f   MSVCRT:_amdsecgs_.obj
 0001:00063060       _alloca_probe              0000000180064060 f   MSVCRT:_chkstk_.obj
 0001:00063060       __chkstk                   0000000180064060 f   MSVCRT:_chkstk_.obj
 0001:00063400       _CRT_INIT                  0000000180064400 f   MSVCRT:dll_dllmain.obj
 0001:00063408       _DllMainCRTStartup         0000000180064408 f   MSVCRT:dll_dllmain.obj
 0001:00063448       ??$__crt_fast_decode_pointer@PEAP6AXXZ@@YAPEAP6AXXZQEAP6AXXZ@Z 0000000180064448 f i MSVCRT:utility.obj
 0001:00063460       ??$__crt_fast_encode_pointer@PEAP6AXXZ@@YAPEAP6AXXZQEAP6AXXZ@Z 0000000180064460 f i MSVCRT:utility.obj
 0001:00063480       ?__crt_rotate_pointer_value@@YA_K_KH@Z 0000000180064480 f i MSVCRT:utility.obj
 0001:0006348c       ?configure_argv@__scrt_narrow_argv_policy@@SAHXZ 000000018006448c f i MSVCRT:utility.obj
 0001:0006351c       NtCurrentTeb               000000018006451c f i MSVCRT:utility.obj
 0001:00063528       __scrt_acquire_startup_lock 0000000180064528 f   MSVCRT:utility.obj
 0001:00063564       __scrt_dllmain_after_initialize_c 0000000180064564 f   MSVCRT:utility.obj
 0001:00063598       __scrt_dllmain_before_initialize_c 0000000180064598 f   MSVCRT:utility.obj
 0001:000635b0       __scrt_dllmain_crt_thread_attach 00000001800645b0 f   MSVCRT:utility.obj
 0001:000635d8       __scrt_dllmain_crt_thread_detach 00000001800645d8 f   MSVCRT:utility.obj
 0001:000635f0       __scrt_dllmain_exception_filter 00000001800645f0 f   MSVCRT:utility.obj
 0001:00063654       __scrt_dllmain_uninitialize_c 0000000180064654 f   MSVCRT:utility.obj
 0001:00063684       __scrt_dllmain_uninitialize_critical 0000000180064684 f   MSVCRT:utility.obj
 0001:00063698       __scrt_initialize_crt      0000000180064698 f   MSVCRT:utility.obj
 0001:000636e4       __scrt_initialize_onexit_tables 00000001800646e4 f   MSVCRT:utility.obj
 0001:000637b0       __scrt_is_nonwritable_in_current_image 00000001800647b0 f   MSVCRT:utility.obj
 0001:0006384c       __scrt_release_startup_lock 000000018006484c f   MSVCRT:utility.obj
 0001:00063870       __scrt_uninitialize_crt    0000000180064870 f   MSVCRT:utility.obj
 0001:0006389c       _onexit                    000000018006489c f   MSVCRT:utility.obj
 0001:000638ec       at_quick_exit              00000001800648ec f   MSVCRT:utility.obj
 0001:00063924       atexit                     0000000180064924 f   MSVCRT:utility.obj
 0001:0006393c       __security_init_cookie     000000018006493c f   MSVCRT:gs_support.obj
 0001:000639e8       DllMain                    00000001800649e8 f   MSVCRT:dll_dllmain_stub.obj
 0001:00063a0c       ?__scrt_initialize_type_info@@YAXXZ 0000000180064a0c f   MSVCRT:tncleanup.obj
 0001:00063a1c       ?__scrt_uninitialize_type_info@@YAXXZ 0000000180064a1c f   MSVCRT:tncleanup.obj
 0001:00063a28       __local_stdio_scanf_options 0000000180064a28 f i MSVCRT:default_local_stdio_options.obj
 0001:00063a30       __scrt_initialize_default_local_stdio_options 0000000180064a30 f   MSVCRT:default_local_stdio_options.obj
 0001:00063a4c       __scrt_get_dyn_tls_init_callback 0000000180064a4c f   MSVCRT:dyn_tls_init.obj
 0001:00063a54       __crt_debugger_hook        0000000180064a54 f   MSVCRT:utility_desktop.obj
 0001:00063a5c       __scrt_fastfail            0000000180064a5c f   MSVCRT:utility_desktop.obj
 0001:00063ba4       __scrt_get_show_window_mode 0000000180064ba4 f   MSVCRT:utility_desktop.obj
 0001:00063be0       __scrt_initialize_winrt    0000000180064be0 f   MSVCRT:utility_desktop.obj
 0001:00063be4       __scrt_is_managed_app      0000000180064be4 f   MSVCRT:utility_desktop.obj
 0001:00063c38       __scrt_set_unhandled_exception_filter 0000000180064c38 f   MSVCRT:utility_desktop.obj
 0001:00063c48       __scrt_unhandled_exception_filter 0000000180064c48 f   MSVCRT:utility_desktop.obj
 0001:00063c80       _RTC_Initialize            0000000180064c80 f   MSVCRT:_initsect_.obj
 0001:00063ccc       _RTC_Terminate             0000000180064ccc f   MSVCRT:_initsect_.obj
 0001:00063d18       _guard_check_icall         0000000180064d18 f i MSVCRT:checkcfg.obj
 0001:00063d20       __isa_available_init       0000000180064d20 f   MSVCRT:_cpu_disp_.obj
 0001:00063ee8       _get_startup_argv_mode     0000000180064ee8 f   MSVCRT:argv_mode.obj
 0001:00063ef0       __scrt_is_ucrt_dll_in_use  0000000180064ef0 f   MSVCRT:ucrt_detection.obj
 0001:00063efc       _guard_check_icall_nop     0000000180064efc f i MSVCRT:guard_support.obj
 0001:00063f00       _guard_icall_checks_enforced 0000000180064f00 f i MSVCRT:guard_support.obj
 0001:00063f20       RtlCaptureContext          0000000180064f20 f   kernel32:KERNEL32.dll
 0001:00063f26       RtlLookupFunctionEntry     0000000180064f26 f   kernel32:KERNEL32.dll
 0001:00063f2c       RtlVirtualUnwind           0000000180064f2c f   kernel32:KERNEL32.dll
 0001:00063f32       UnhandledExceptionFilter   0000000180064f32 f   kernel32:KERNEL32.dll
 0001:00063f38       SetUnhandledExceptionFilter 0000000180064f38 f   kernel32:KERNEL32.dll
 0001:00063f3e       GetCurrentProcess          0000000180064f3e f   kernel32:KERNEL32.dll
 0001:00063f44       TerminateProcess           0000000180064f44 f   kernel32:KERNEL32.dll
 0001:00063f4a       IsProcessorFeaturePresent  0000000180064f4a f   kernel32:KERNEL32.dll
 0001:00063f50       QueryPerformanceCounter    0000000180064f50 f   kernel32:KERNEL32.dll
 0001:00063f56       GetCurrentProcessId        0000000180064f56 f   kernel32:KERNEL32.dll
 0001:00063f5c       GetCurrentThreadId         0000000180064f5c f   kernel32:KERNEL32.dll
 0001:00063f62       GetSystemTimeAsFileTime    0000000180064f62 f   kernel32:KERNEL32.dll
 0001:00063f68       DisableThreadLibraryCalls  0000000180064f68 f   kernel32:KERNEL32.dll
 0001:00063f6e       InitializeSListHead        0000000180064f6e f   kernel32:KERNEL32.dll
 0001:00063f74       IsDebuggerPresent          0000000180064f74 f   kernel32:KERNEL32.dll
 0001:00063f7a       GetStartupInfoW            0000000180064f7a f   kernel32:KERNEL32.dll
 0001:00063f80       GetModuleHandleW           0000000180064f80 f   kernel32:KERNEL32.dll
 0001:00063f86       memset                     0000000180064f86 f   vcruntime:VCRUNTIME140.dll
 0001:00063f8c       memcpy                     0000000180064f8c f   vcruntime:VCRUNTIME140.dll
 0001:00063f92       __C_specific_handler       0000000180064f92 f   vcruntime:VCRUNTIME140.dll
 0001:00063f98       __std_type_info_destroy_list 0000000180064f98 f   vcruntime:VCRUNTIME140.dll
 0001:00063f9e       strcmp                     0000000180064f9e f   ucrt:api-ms-win-crt-string-l1-1-0.dll
 0001:00063fa4       __stdio_common_vsprintf    0000000180064fa4 f   ucrt:api-ms-win-crt-stdio-l1-1-0.dll
 0001:00063faa       free                       0000000180064faa f   ucrt:api-ms-win-crt-heap-l1-1-0.dll
 0001:00063fb0       malloc                     0000000180064fb0 f   ucrt:api-ms-win-crt-heap-l1-1-0.dll
 0001:00063fb6       strlen                     0000000180064fb6 f   ucrt:api-ms-win-crt-string-l1-1-0.dll
 0001:00063fbc       cos                        0000000180064fbc f   ucrt:api-ms-win-crt-math-l1-1-0.dll
 0001:00063fc2       pow                        0000000180064fc2 f   ucrt:api-ms-win-crt-math-l1-1-0.dll
 0001:00063fc8       sin                        0000000180064fc8 f   ucrt:api-ms-win-crt-math-l1-1-0.dll
 0001:00063fce       _initterm                  0000000180064fce f   ucrt:api-ms-win-crt-runtime-l1-1-0.dll
 0001:00063fd4       _initterm_e                0000000180064fd4 f   ucrt:api-ms-win-crt-runtime-l1-1-0.dll
 0001:00063fda       _seh_filter_dll            0000000180064fda f   ucrt:api-ms-win-crt-runtime-l1-1-0.dll
 0001:00063fe0       _configure_narrow_argv     0000000180064fe0 f   ucrt:api-ms-win-crt-runtime-l1-1-0.dll
 0001:00063fe6       _initialize_narrow_environment 0000000180064fe6 f   ucrt:api-ms-win-crt-runtime-l1-1-0.dll
 0001:00063fec       _initialize_onexit_table   0000000180064fec f   ucrt:api-ms-win-crt-runtime-l1-1-0.dll
 0001:00063ff2       _register_onexit_function  0000000180064ff2 f   ucrt:api-ms-win-crt-runtime-l1-1-0.dll
 0001:00063ff8       _execute_onexit_table      0000000180064ff8 f   ucrt:api-ms-win-crt-runtime-l1-1-0.dll
 0001:00063ffe       _crt_atexit                0000000180064ffe f   ucrt:api-ms-win-crt-runtime-l1-1-0.dll
 0001:00064004       _crt_at_quick_exit         0000000180065004 f   ucrt:api-ms-win-crt-runtime-l1-1-0.dll
 0001:0006400a       _cexit                     000000018006500a f   ucrt:api-ms-win-crt-runtime-l1-1-0.dll
 0001:00064010       terminate                  0000000180065010 f   ucrt:api-ms-win-crt-runtime-l1-1-0.dll
 0001:00064018       __acrt_initialize          0000000180065018 f   MSVCRT:ucrt_stubs.obj
 0001:00064018       __scrt_stub_for_acrt_initialize 0000000180065018 f   MSVCRT:ucrt_stubs.obj
 0001:00064018       __vcrt_initialize          0000000180065018 f   MSVCRT:ucrt_stubs.obj
 0001:0006401c       __scrt_stub_for_acrt_thread_attach 000000018006501c f   MSVCRT:ucrt_stubs.obj
 0001:0006401c       __vcrt_thread_attach       000000018006501c f   MSVCRT:ucrt_stubs.obj
 0001:0006401c       __acrt_thread_attach       000000018006501c f   MSVCRT:ucrt_stubs.obj
 0001:00064020       __vcrt_thread_detach       0000000180065020 f   MSVCRT:ucrt_stubs.obj
 0001:00064020       __acrt_thread_detach       0000000180065020 f   MSVCRT:ucrt_stubs.obj
 0001:00064020       __scrt_stub_for_acrt_thread_detach 0000000180065020 f   MSVCRT:ucrt_stubs.obj
 0001:00064024       __vcrt_uninitialize        0000000180065024 f   MSVCRT:ucrt_stubs.obj
 0001:00064024       __scrt_stub_for_acrt_uninitialize 0000000180065024 f   MSVCRT:ucrt_stubs.obj
 0001:00064024       __acrt_uninitialize        0000000180065024 f   MSVCRT:ucrt_stubs.obj
 0001:00064028       __vcrt_uninitialize_critical 0000000180065028 f   MSVCRT:ucrt_stubs.obj
 0001:00064028       __acrt_uninitialize_critical 0000000180065028 f   MSVCRT:ucrt_stubs.obj
 0001:00064028       __scrt_stub_for_acrt_uninitialize_critical 0000000180065028 f   MSVCRT:ucrt_stubs.obj
 0001:0006402c       _is_c_termination_complete 000000018006502c f   MSVCRT:ucrt_stubs.obj
 0001:0006402c       __scrt_stub_for_is_c_termination_complete 000000018006502c f   MSVCRT:ucrt_stubs.obj
 0001:00064040       _guard_dispatch_icall_nop  0000000180065040 f   MSVCRT:_guard_dispatch_.obj
 0002:00000000       __imp_UnhandledExceptionFilter 0000000180066000     kernel32:KERNEL32.dll
 0002:00000008       __imp_RtlCaptureContext    0000000180066008     kernel32:KERNEL32.dll
 0002:00000010       __imp_IsProcessorFeaturePresent 0000000180066010     kernel32:KERNEL32.dll
 0002:00000018       __imp_QueryPerformanceCounter 0000000180066018     kernel32:KERNEL32.dll
 0002:00000020       __imp_RtlLookupFunctionEntry 0000000180066020     kernel32:KERNEL32.dll
 0002:00000028       __imp_RtlVirtualUnwind     0000000180066028     kernel32:KERNEL32.dll
 0002:00000030       __imp_GetCurrentProcessId  0000000180066030     kernel32:KERNEL32.dll
 0002:00000038       __imp_GetCurrentThreadId   0000000180066038     kernel32:KERNEL32.dll
 0002:00000040       __imp_GetSystemTimeAsFileTime 0000000180066040     kernel32:KERNEL32.dll
 0002:00000048       __imp_DisableThreadLibraryCalls 0000000180066048     kernel32:KERNEL32.dll
 0002:00000050       __imp_InitializeSListHead  0000000180066050     kernel32:KERNEL32.dll
 0002:00000058       __imp_IsDebuggerPresent    0000000180066058     kernel32:KERNEL32.dll
 0002:00000060       __imp_GetStartupInfoW      0000000180066060     kernel32:KERNEL32.dll
 0002:00000068       __imp_GetModuleHandleW     0000000180066068     kernel32:KERNEL32.dll
 0002:00000070       __imp_GetCurrentProcess    0000000180066070     kernel32:KERNEL32.dll
 0002:00000078       __imp_SetUnhandledExceptionFilter 0000000180066078     kernel32:KERNEL32.dll
 0002:00000080       __imp_TerminateProcess     0000000180066080     kernel32:KERNEL32.dll
 0002:00000088       \177KERNEL32_NULL_THUNK_DATA 0000000180066088     kernel32:KERNEL32.dll
 0002:00000090       __imp_memset               0000000180066090     vcruntime:VCRUNTIME140.dll
 0002:00000098       __imp_memcpy               0000000180066098     vcruntime:VCRUNTIME140.dll
 0002:000000a0       __imp___C_specific_handler 00000001800660a0     vcruntime:VCRUNTIME140.dll
 0002:000000a8       __imp___std_type_info_destroy_list 00000001800660a8     vcruntime:VCRUNTIME140.dll
 0002:000000b0       \177VCRUNTIME140_NULL_THUNK_DATA 00000001800660b0     vcruntime:VCRUNTIME140.dll
 0002:000000b8       __imp_malloc               00000001800660b8     ucrt:api-ms-win-crt-heap-l1-1-0.dll
 0002:000000c0       __imp_free                 00000001800660c0     ucrt:api-ms-win-crt-heap-l1-1-0.dll
 0002:000000c8       \177api-ms-win-crt-heap-l1-1-0_NULL_THUNK_DATA 00000001800660c8     ucrt:api-ms-win-crt-heap-l1-1-0.dll
 0002:000000d0       __imp_sin                  00000001800660d0     ucrt:api-ms-win-crt-math-l1-1-0.dll
 0002:000000d8       __imp_cos                  00000001800660d8     ucrt:api-ms-win-crt-math-l1-1-0.dll
 0002:000000e0       __imp_pow                  00000001800660e0     ucrt:api-ms-win-crt-math-l1-1-0.dll
 0002:000000e8       \177api-ms-win-crt-math-l1-1-0_NULL_THUNK_DATA 00000001800660e8     ucrt:api-ms-win-crt-math-l1-1-0.dll
 0002:000000f0       __imp__configure_narrow_argv 00000001800660f0     ucrt:api-ms-win-crt-runtime-l1-1-0.dll
 0002:000000f8       __imp__initialize_narrow_environment 00000001800660f8     ucrt:api-ms-win-crt-runtime-l1-1-0.dll
 0002:00000100       __imp__initterm            0000000180066100     ucrt:api-ms-win-crt-runtime-l1-1-0.dll
 0002:00000108       __imp__register_onexit_function 0000000180066108     ucrt:api-ms-win-crt-runtime-l1-1-0.dll
 0002:00000110       __imp__execute_onexit_table 0000000180066110     ucrt:api-ms-win-crt-runtime-l1-1-0.dll
 0002:00000118       __imp__crt_atexit          0000000180066118     ucrt:api-ms-win-crt-runtime-l1-1-0.dll
 0002:00000120       __imp__crt_at_quick_exit   0000000180066120     ucrt:api-ms-win-crt-runtime-l1-1-0.dll
 0002:00000128       __imp__cexit               0000000180066128     ucrt:api-ms-win-crt-runtime-l1-1-0.dll
 0002:00000130       __imp_terminate            0000000180066130     ucrt:api-ms-win-crt-runtime-l1-1-0.dll
 0002:00000138       __imp__seh_filter_dll      0000000180066138     ucrt:api-ms-win-crt-runtime-l1-1-0.dll
 0002:00000140       __imp__initterm_e          0000000180066140     ucrt:api-ms-win-crt-runtime-l1-1-0.dll
 0002:00000148       __imp__initialize_onexit_table 0000000180066148     ucrt:api-ms-win-crt-runtime-l1-1-0.dll
 0002:00000150       \177api-ms-win-crt-runtime-l1-1-0_NULL_THUNK_DATA 0000000180066150     ucrt:api-ms-win-crt-runtime-l1-1-0.dll
 0002:00000158       __imp___stdio_common_vsprintf 0000000180066158     ucrt:api-ms-win-crt-stdio-l1-1-0.dll
 0002:00000160       \177api-ms-win-crt-stdio-l1-1-0_NULL_THUNK_DATA 0000000180066160     ucrt:api-ms-win-crt-stdio-l1-1-0.dll
 0002:00000168       __imp_strlen               0000000180066168     ucrt:api-ms-win-crt-string-l1-1-0.dll
 0002:00000170       __imp_strcmp               0000000180066170     ucrt:api-ms-win-crt-string-l1-1-0.dll
 0002:00000178       \177api-ms-win-crt-string-l1-1-0_NULL_THUNK_DATA 0000000180066178     ucrt:api-ms-win-crt-string-l1-1-0.dll
 0002:00000180       __imp_emlrtNameCaptureMxArrayR2016a 0000000180066180     libemlrt:libemlrt.dll
 0002:00000188       \177libemlrt_NULL_THUNK_DATA 0000000180066188     libemlrt:libemlrt.dll
 0002:00000190       __imp_mexErrMsgTxt         0000000180066190     libmex:libmex.dll
 0002:00000198       __imp_mexIsLocked          0000000180066198     libmex:libmex.dll
 0002:000001a0       __imp_mexUnlock            00000001800661a0     libmex:libmex.dll
 0002:000001a8       __imp_mexLock              00000001800661a8     libmex:libmex.dll
 0002:000001b0       __imp_mexCallMATLABWithObject 00000001800661b0     libmex:libmex.dll
 0002:000001b8       __imp_mexWarnMsgTxt        00000001800661b8     libmex:libmex.dll
 0002:000001c0       __imp_mexMakeArrayPersistent 00000001800661c0     libmex:libmex.dll
 0002:000001c8       \177libmex_NULL_THUNK_DATA 00000001800661c8     libmex:libmex.dll
 0002:000001d0       __imp_dtrsm                00000001800661d0     libmwblas:libmwblas.dll
 0002:000001d8       \177libmwblas_NULL_THUNK_DATA 00000001800661d8     libmwblas:libmwblas.dll
 0002:000001e0       __imp_muDoubleScalarIsInf  00000001800661e0     libmwmathutil:libmwmathutil.dll
 0002:000001e8       __imp_muDoubleScalarRem    00000001800661e8     libmwmathutil:libmwmathutil.dll
 0002:000001f0       __imp_muDoubleScalarFloor  00000001800661f0     libmwmathutil:libmwmathutil.dll
 0002:000001f8       __imp_muDoubleScalarCeil   00000001800661f8     libmwmathutil:libmwmathutil.dll
 0002:00000200       __imp_muDoubleScalarIsNaN  0000000180066200     libmwmathutil:libmwmathutil.dll
 0002:00000208       __imp_muDoubleScalarAbs    0000000180066208     libmwmathutil:libmwmathutil.dll
 0002:00000210       \177libmwmathutil_NULL_THUNK_DATA 0000000180066210     libmwmathutil:libmwmathutil.dll
 0002:00000218       __imp_mxCreateDoubleMatrix_730 0000000180066218     libmx:libmx.dll
 0002:00000220       __imp_mxGetN               0000000180066220     libmx:libmx.dll
 0002:00000228       __imp_mxIsComplex          0000000180066228     libmx:libmx.dll
 0002:00000230       __imp_mxIsNumeric          0000000180066230     libmx:libmx.dll
 0002:00000238       __imp_mxGetClassID         0000000180066238     libmx:libmx.dll
 0002:00000240       __imp_mxGetM               0000000180066240     libmx:libmx.dll
 0002:00000248       __imp_mxCalloc             0000000180066248     libmx:libmx.dll
 0002:00000250       __imp_mxSetCell_730        0000000180066250     libmx:libmx.dll
 0002:00000258       __imp_mxGetNaN             0000000180066258     libmx:libmx.dll
 0002:00000260       __imp_mxCreateStructArray_730 0000000180066260     libmx:libmx.dll
 0002:00000268       __imp_mxCreateStructMatrix_730 0000000180066268     libmx:libmx.dll
 0002:00000270       __imp_mxCreateCellArray_730 0000000180066270     libmx:libmx.dll
 0002:00000278       __imp_mxCreateCellMatrix_730 0000000180066278     libmx:libmx.dll
 0002:00000280       __imp_mxCreateString       0000000180066280     libmx:libmx.dll
 0002:00000288       __imp_mxCreateDoubleScalar 0000000180066288     libmx:libmx.dll
 0002:00000290       __imp_mxIsChar             0000000180066290     libmx:libmx.dll
 0002:00000298       __imp_mxGetPr              0000000180066298     libmx:libmx.dll
 0002:000002a0       __imp_mxGetScalar          00000001800662a0     libmx:libmx.dll
 0002:000002a8       __imp_mxDestroyArray       00000001800662a8     libmx:libmx.dll
 0002:000002b0       __imp_mxSetField_730       00000001800662b0     libmx:libmx.dll
 0002:000002b8       __imp_mxGetString_730      00000001800662b8     libmx:libmx.dll
 0002:000002c0       __imp_mxDuplicateArray     00000001800662c0     libmx:libmx.dll
 0002:000002c8       \177libmx_NULL_THUNK_DATA  00000001800662c8     libmx:libmx.dll
 0002:000002d0       __imp_utMalloc             00000001800662d0     libut:libut.dll
 0002:000002d8       __imp_utFree               00000001800662d8     libut:libut.dll
 0002:000002e0       \177libut_NULL_THUNK_DATA  00000001800662e0     libut:libut.dll
 0002:000002e8       __imp_sf_debug_terminate   00000001800662e8     sf_runtime:sf_runtime.dll
 0002:000002f0       __imp_sf_debug_create_debug_instance_struct 00000001800662f0     sf_runtime:sf_runtime.dll
 0002:000002f8       __imp_sf_clear_error_manager_info 00000001800662f8     sf_runtime:sf_runtime.dll
 0002:00000300       __imp_sf_mex_error_direct_call 0000000180066300     sf_runtime:sf_runtime.dll
 0002:00000308       __imp_getRuntimeInstanceInfoAsVoid 0000000180066308     sf_runtime:sf_runtime.dll
 0002:00000310       __imp_call_sf_machine_global_method_dispatcher 0000000180066310     sf_runtime:sf_runtime.dll
 0002:00000318       __imp_callMdlMethodAndReportError 0000000180066318     sf_runtime:sf_runtime.dll
 0002:00000320       __imp_sf_get_hasSeparateUpdateOutputs 0000000180066320     sf_runtime:sf_runtime.dll
 0002:00000328       __imp_sf_get_ChartInfoStruct_CodeGen 0000000180066328     sf_runtime:sf_runtime.dll
 0002:00000330       __imp_sf_mex_call_debug    0000000180066330     sf_runtime:sf_runtime.dll
 0002:00000338       __imp_sf_debug_api         0000000180066338     sf_runtime:sf_runtime.dll
 0002:00000340       __imp_sf_debug_get_script_id 0000000180066340     sf_runtime:sf_runtime.dll
 0002:00000348       __imp_sf_debug_cv_init_state 0000000180066348     sf_runtime:sf_runtime.dll
 0002:00000350       __imp_sf_debug_symbol_scope_add_eml_importable 0000000180066350     sf_runtime:sf_runtime.dll
 0002:00000358       __imp_sf_debug_symbol_scope_add_eml 0000000180066358     sf_runtime:sf_runtime.dll
 0002:00000360       __imp_sf_debug_symbol_scope_pop 0000000180066360     sf_runtime:sf_runtime.dll
 0002:00000368       __imp_sf_debug_symbol_scope_push_eml 0000000180066368     sf_runtime:sf_runtime.dll
 0002:00000370       __imp_sf_debug_symbol_scope_push 0000000180066370     sf_runtime:sf_runtime.dll
 0002:00000378       __imp_sf_debug_set_chart_data_compiled_props 0000000180066378     sf_runtime:sf_runtime.dll
 0002:00000380       __imp_sf_debug_set_chart_data_props 0000000180066380     sf_runtime:sf_runtime.dll
 0002:00000388       __imp_sf_debug_check_for_state_inconsistency 0000000180066388     sf_runtime:sf_runtime.dll
 0002:00000390       __imp_sf_debug_set_script_translation 0000000180066390     sf_runtime:sf_runtime.dll
 0002:00000398       __imp_sf_debug_set_instance_data_value_ptr 0000000180066398     sf_runtime:sf_runtime.dll
 0002:000003a0       __imp_sf_debug_cv_init_chart 00000001800663a0     sf_runtime:sf_runtime.dll
 0002:000003a8       __imp_sf_debug_cv_init_trans 00000001800663a8     sf_runtime:sf_runtime.dll
 0002:000003b0       __imp_sf_debug_data_range_wrapper 00000001800663b0     sf_runtime:sf_runtime.dll
 0002:000003b8       __imp_sf_debug_set_chart_substate_count 00000001800663b8     sf_runtime:sf_runtime.dll
 0002:000003c0       __imp_sf_debug_set_chart_decomposition 00000001800663c0     sf_runtime:sf_runtime.dll
 0002:000003c8       __imp_sf_debug_set_chart_state_info 00000001800663c8     sf_runtime:sf_runtime.dll
 0002:000003d0       __imp_sf_debug_set_chart_event_thresholds 00000001800663d0     sf_runtime:sf_runtime.dll
 0002:000003d8       __imp_sf_debug_reset_current_state_configuration 00000001800663d8     sf_runtime:sf_runtime.dll
 0002:000003e0       __imp_cv_script_init_if    00000001800663e0     sf_runtime:sf_runtime.dll
 0002:000003e8       __imp_cv_script_init_fcn   00000001800663e8     sf_runtime:sf_runtime.dll
 0002:000003f0       __imp_cv_script_init_script 00000001800663f0     sf_runtime:sf_runtime.dll
 0002:000003f8       __imp_cv_script_eval       00000001800663f8     sf_runtime:sf_runtime.dll
 0002:00000400       __imp_cv_eml_init_relational 0000000180066400     sf_runtime:sf_runtime.dll
 0002:00000408       __imp_cv_eml_init_if       0000000180066408     sf_runtime:sf_runtime.dll
 0002:00000410       __imp_cv_eml_init_fcn      0000000180066410     sf_runtime:sf_runtime.dll
 0002:00000418       __imp_cv_eml_init_script   0000000180066418     sf_runtime:sf_runtime.dll
 0002:00000420       __imp_cv_eval_relational   0000000180066420     sf_runtime:sf_runtime.dll
 0002:00000428       __imp_cv_eml_eval          0000000180066428     sf_runtime:sf_runtime.dll
 0002:00000430       __imp_eml_debug_line_call  0000000180066430     sf_runtime:sf_runtime.dll
 0002:00000438       __imp_sf_debug_call        0000000180066438     sf_runtime:sf_runtime.dll
 0002:00000440       __imp_sf_debug_initialize_chart 0000000180066440     sf_runtime:sf_runtime.dll
 0002:00000448       __imp_ssGetOutputPortSignal_wrapper 0000000180066448     sf_runtime:sf_runtime.dll
 0002:00000450       __imp_ssGetInputPortSignal_wrapper 0000000180066450     sf_runtime:sf_runtime.dll
 0002:00000458       __imp_sf_mex_decode_encoded_mx_struct_array 0000000180066458     sf_runtime:sf_runtime.dll
 0002:00000460       __imp_sf_mex_import        0000000180066460     sf_runtime:sf_runtime.dll
 0002:00000468       __imp_sf_mex_destroy       0000000180066468     sf_runtime:sf_runtime.dll
 0002:00000470       __imp_sf_mex_dup           0000000180066470     sf_runtime:sf_runtime.dll
 0002:00000478       __imp_sf_mex_assign        0000000180066478     sf_runtime:sf_runtime.dll
 0002:00000480       __imp_sf_mex_getcell       0000000180066480     sf_runtime:sf_runtime.dll
 0002:00000488       __imp_sf_mex_setcell       0000000180066488     sf_runtime:sf_runtime.dll
 0002:00000490       __imp_sf_mex_createcellmatrix 0000000180066490     sf_runtime:sf_runtime.dll
 0002:00000498       __imp_sf_mex_create        0000000180066498     sf_runtime:sf_runtime.dll
 0002:000004a0       __imp_sf_mex_error_message 00000001800664a0     sf_runtime:sf_runtime.dll
 0002:000004a8       __imp_ssSetBlockIsPurelyCombinatorial_wrapper 00000001800664a8     sf_runtime:sf_runtime.dll
 0002:000004b0       __imp_sf_register_codegen_names_for_scoped_functions_defined_by_chart 00000001800664b0     sf_runtime:sf_runtime.dll
 0002:000004b8       __imp_sf_set_chart_accesses_machine_info 00000001800664b8     sf_runtime:sf_runtime.dll
 0002:000004c0       __imp_sf_is_first_init_cond 00000001800664c0     sf_runtime:sf_runtime.dll
 0002:000004c8       __imp_sf_get_time          00000001800664c8     sf_runtime:sf_runtime.dll
 0002:000004d0       __imp_sf_set_rtw_dwork_info 00000001800664d0     sf_runtime:sf_runtime.dll
 0002:000004d8       __imp_sf_clear_rtw_identifier 00000001800664d8     sf_runtime:sf_runtime.dll
 0002:000004e0       __imp_sim_mode_is_modelref_sim 00000001800664e0     sf_runtime:sf_runtime.dll
 0002:000004e8       __imp_sim_mode_is_external 00000001800664e8     sf_runtime:sf_runtime.dll
 0002:000004f0       __imp_sim_mode_is_rtw_gen  00000001800664f0     sf_runtime:sf_runtime.dll
 0002:000004f8       __imp_sf_mark_chart_expressionable_inputs 00000001800664f8     sf_runtime:sf_runtime.dll
 0002:00000500       __imp_sf_mark_chart_reusable_outputs 0000000180066500     sf_runtime:sf_runtime.dll
 0002:00000508       __imp_sf_is_chart_inlinable 0000000180066508     sf_runtime:sf_runtime.dll
 0002:00000510       __imp_sf_update_buildInfo  0000000180066510     sf_runtime:sf_runtime.dll
 0002:00000518       __imp_sf_rtw_info_uint_prop 0000000180066518     sf_runtime:sf_runtime.dll
 0002:00000520       __imp_sf_get_chart_instance_ptr 0000000180066520     sf_runtime:sf_runtime.dll
 0002:00000528       __imp_sfrtGetEmlrtCtx      0000000180066528     sf_runtime:sf_runtime.dll
 0002:00000530       __imp_sf_free_ChartRunTimeInfo 0000000180066530     sf_runtime:sf_runtime.dll
 0002:00000538       __imp_sf_init_ChartRunTimeInfo 0000000180066538     sf_runtime:sf_runtime.dll
 0002:00000540       __imp_sf_debug_set_machine_data_thresholds 0000000180066540     sf_runtime:sf_runtime.dll
 0002:00000548       __imp_sf_debug_set_machine_event_thresholds 0000000180066548     sf_runtime:sf_runtime.dll
 0002:00000550       __imp_sf_debug_initialize_machine 0000000180066550     sf_runtime:sf_runtime.dll
 0002:00000558       __imp_sf_load_rtw_optimization_info 0000000180066558     sf_runtime:sf_runtime.dll
 0002:00000560       __imp_sf_debug_set_chart_disable_implicit_casting 0000000180066560     sf_runtime:sf_runtime.dll
 0002:00000568       \177sf_runtime_NULL_THUNK_DATA 0000000180066568     sf_runtime:sf_runtime.dll
 0002:00000570       __guard_check_icall_fptr   0000000180066570     MSVCRT:guard_support.obj
 0002:00000578       __guard_dispatch_icall_fptr 0000000180066578     MSVCRT:guard_support.obj
 0002:00000580       __xc_a                     0000000180066580     MSVCRT:initializers.obj
 0002:00000588       __xc_z                     0000000180066588     MSVCRT:initializers.obj
 0002:00000590       __xi_a                     0000000180066590     MSVCRT:initializers.obj
 0002:00000598       __xi_z                     0000000180066598     MSVCRT:initializers.obj
 0002:000005a0       __xp_a                     00000001800665a0     MSVCRT:initializers.obj
 0002:000005a8       __xp_z                     00000001800665a8     MSVCRT:initializers.obj
 0002:000005b0       __xt_a                     00000001800665b0     MSVCRT:initializers.obj
 0002:000005b8       __xt_z                     00000001800665b8     MSVCRT:initializers.obj
 0002:000005c0       __real@41bbb84eaa000000    00000001800665c0     FLWSim_sfun.obj
 0002:000005c8       __real@41c25274bf800000    00000001800665c8     FLWSim_sfun.obj
 0002:000005d0       __real@41c2df2477000000    00000001800665d0     FLWSim_sfun.obj
 0002:000005d8       __real@41d4c87ca0000000    00000001800665d8     FLWSim_sfun.obj
 0002:000005e0       __real@41d506fd88400000    00000001800665e0     FLWSim_sfun.obj
 0002:000005e8       __real@41d90e2422800000    00000001800665e8     FLWSim_sfun.obj
 0002:000005f0       __real@41de26d842c00000    00000001800665f0     FLWSim_sfun.obj
 0002:000005f8       __real@41e320ec1ba00000    00000001800665f8     FLWSim_sfun.obj
 0002:00000600       __real@41e76a7a06600000    0000000180066600     FLWSim_sfun.obj
 0002:00000608       __real@41e8b869dda00000    0000000180066608     FLWSim_sfun.obj
 0002:00000610       __real@41eb0e46f0c00000    0000000180066610     FLWSim_sfun.obj
 0002:00000618       __real@41ef640786000000    0000000180066618     FLWSim_sfun.obj
 0002:00000620       __real@3ff0000000000000    0000000180066620     c1_FLWSim.obj
 0002:00000628       __real@4008000000000000    0000000180066628     c1_FLWSim.obj
 0002:00000630       __real@4018000000000000    0000000180066630     c1_FLWSim.obj
 0002:00000638       __real@4024000000000000    0000000180066638     c1_FLWSim.obj
 0002:00000640       __real@402c000000000000    0000000180066640     c1_FLWSim.obj
 0002:00000648       __real@408f400000000000    0000000180066648     c1_FLWSim.obj
 0002:00000650       __real@40c3880000000000    0000000180066650     c1_FLWSim.obj
 0002:00000658       __real@40ed4c0000000000    0000000180066658     c1_FLWSim.obj
 0002:00000660       __real@41b028f2f6000000    0000000180066660     c1_FLWSim.obj
 0002:00000668       __real@41daa2f45ac00000    0000000180066668     c1_FLWSim.obj
 0002:00000670       __real@41dbc4909d000000    0000000180066670     c1_FLWSim.obj
 0002:00000678       __real@41ebc56dfd800000    0000000180066678     c1_FLWSim.obj
 0002:00000680       __xmm@80000000000000008000000000000000 0000000180066680     c1_FLWSim.obj
 0002:00000690       __real@0000000000000000    0000000180066690     c2_FLWSim.obj
 0002:00000698       __real@3cb0000000000000    0000000180066698     c2_FLWSim.obj
 0002:000006a0       __real@4000000000000000    00000001800666a0     c2_FLWSim.obj
 0002:000006a8       __real@4010000000000000    00000001800666a8     c2_FLWSim.obj
 0002:000006b0       __real@41cb5283d5800000    00000001800666b0     c2_FLWSim.obj
 0002:000006b8       __real@41ec7f916b800000    00000001800666b8     c2_FLWSim.obj
 0002:000006c0       __real@41ed89ea83800000    00000001800666c0     c2_FLWSim.obj
 0002:000006c8       __real@41ef750d7e000000    00000001800666c8     c2_FLWSim.obj
 0002:000006d0       __real@3fd6666666666666    00000001800666d0     c3_FLWSim.obj
 0002:000006d8       __real@3fd999999999999a    00000001800666d8     c3_FLWSim.obj
 0002:000006e0       __real@3fe0000000000000    00000001800666e0     c3_FLWSim.obj
 0002:000006e8       __real@3fe3333333333333    00000001800666e8     c3_FLWSim.obj
 0002:000006f0       __real@4004000000000000    00000001800666f0     c3_FLWSim.obj
 0002:000006f8       __real@4049000000000000    00000001800666f8     c3_FLWSim.obj
 0002:00000700       __real@4079000000000000    0000000180066700     c3_FLWSim.obj
 0002:00000708       __real@41bd4db749000000    0000000180066708     c3_FLWSim.obj
 0002:00000710       __real@41cd761bf9000000    0000000180066710     c3_FLWSim.obj
 0002:00000718       __real@41d8d70b87800000    0000000180066718     c3_FLWSim.obj
 0002:00000720       __real@41eced1fa4800000    0000000180066720     c3_FLWSim.obj
 0002:00000728       __real@bfe0c152382d7365    0000000180066728     c3_FLWSim.obj
 0002:00000730       __real@bff0000000000000    0000000180066730     c3_FLWSim.obj
 0002:00000738       __real@c049000000000000    0000000180066738     c3_FLWSim.obj
 0002:00000740       DYNAMIC_DIMENSION_DEF      0000000180066740     FLWSim_sfun_registry.obj
 0002:00000758       __real@41602cbca0000000    0000000180066758     FLWSim_sfun_registry.obj
 0002:00000760       __real@3fceb851eb851eb8    0000000180066760     CoriolisTerm_src.obj
 0002:00000768       __real@3fd89374bc6a7efa    0000000180066768     CoriolisTerm_src.obj
 0002:00000770       __real@3fe7ef9db22d0e56    0000000180066770     CoriolisTerm_src.obj
 0002:00000778       __real@40070a3d70a3d70a    0000000180066778     CoriolisTerm_src.obj
 0002:00000780       __real@400999999999999a    0000000180066780     CoriolisTerm_src.obj
 0002:00000788       __real@401999999999999a    0000000180066788     CoriolisTerm_src.obj
 0002:00000790       __real@401b333333333333    0000000180066790     CoriolisTerm_src.obj
 0002:00000798       __real@402b333333333333    0000000180066798     CoriolisTerm_src.obj
 0002:000007a0       __real@bfbc28f5c28f5c29    00000001800667a0     CoriolisTerm_src.obj
 0002:000007a8       __real@bfceb851eb851eb8    00000001800667a8     CoriolisTerm_src.obj
 0002:000007b0       __real@bfd89374bc6a7efa    00000001800667b0     CoriolisTerm_src.obj
 0002:000007b8       __real@bfd999999999999a    00000001800667b8     CoriolisTerm_src.obj
 0002:000007c0       __real@bfe0000000000000    00000001800667c0     CoriolisTerm_src.obj
 0002:000007c8       __real@bfe47ae147ae147b    00000001800667c8     CoriolisTerm_src.obj
 0002:000007d0       __real@bfe7ef9db22d0e56    00000001800667d0     CoriolisTerm_src.obj
 0002:000007d8       __real@c0070a3d70a3d70a    00000001800667d8     CoriolisTerm_src.obj
 0002:000007e0       __real@c00999999999999a    00000001800667e0     CoriolisTerm_src.obj
 0002:000007e8       __real@c01999999999999a    00000001800667e8     CoriolisTerm_src.obj
 0002:000007f0       __real@c01b333333333333    00000001800667f0     CoriolisTerm_src.obj
 0002:000007f8       __real@c02b333333333333    00000001800667f8     CoriolisTerm_src.obj
 0002:00000800       __real@3fe47ae147ae147b    0000000180066800     GravityVector_src.obj
 0002:00000808       __real@403c40b780346dc5    0000000180066808     GravityVector_src.obj
 0002:00000810       __real@403f645a1cac0832    0000000180066810     GravityVector_src.obj
 0002:00000818       __real@40739eb851eb851f    0000000180066818     GravityVector_src.obj
 0002:00000820       __real@c01d59fd36f7e3d2    0000000180066820     GravityVector_src.obj
 0002:00000828       __real@3fc999999999999a    0000000180066828     InertiaMatrix_src.obj
 0002:00000830       __real@3fd898b2e9ccb7d4    0000000180066830     InertiaMatrix_src.obj
 0002:00000838       __real@3fe570a3d70a3d71    0000000180066838     InertiaMatrix_src.obj
 0002:00000840       __real@3fe812ad81adea89    0000000180066840     InertiaMatrix_src.obj
 0002:00000848       __real@400ae3bcd35a8588    0000000180066848     InertiaMatrix_src.obj
 0002:00000850       __real@4028000000000000    0000000180066850     InertiaMatrix_src.obj
 0002:00000858       __real@bfe89374bc6a7efa    0000000180066858     InertiaMatrix_src.obj
 0002:00000860       __real@3fde147ae147ae14    0000000180066860     AMBody_LeftThigh_src.obj
 0002:00000868       __real@3ff547ae147ae148    0000000180066868     AMBody_torso_src.obj
 0002:00000870       __real@bfe999999999999a    0000000180066870     dJb_LeftToe_src.obj
 0002:00000878       __real@3fe999999999999a    0000000180066878     dJp_LeftToe_src.obj
 0002:00000880       __real@3fbc28f5c28f5c29    0000000180066880     dT_LeftThigh_src.obj
 0002:00000898       _pDefaultRawDllMain        0000000180066898     MSVCRT:dll_dllmain.obj
 0002:00000898       _pRawDllMain               0000000180066898     MSVCRT:dll_dllmain.obj
 0002:000008c0       _load_config_used          00000001800668c0     MSVCRT:loadcfg.obj
 0002:00000b80       __rtc_iaa                  0000000180066b80     MSVCRT:_initsect_.obj
 0002:00000b88       __rtc_izz                  0000000180066b88     MSVCRT:_initsect_.obj
 0002:00000b90       __rtc_taa                  0000000180066b90     MSVCRT:_initsect_.obj
 0002:00000b98       __rtc_tzz                  0000000180066b98     MSVCRT:_initsect_.obj
 0002:00002568       __IMPORT_DESCRIPTOR_libmwblas 0000000180068568     libmwblas:libmwblas.dll
 0002:0000257c       __IMPORT_DESCRIPTOR_sf_runtime 000000018006857c     sf_runtime:sf_runtime.dll
 0002:00002590       __IMPORT_DESCRIPTOR_libmx  0000000180068590     libmx:libmx.dll
 0002:000025a4       __IMPORT_DESCRIPTOR_libmex 00000001800685a4     libmex:libmex.dll
 0002:000025b8       __IMPORT_DESCRIPTOR_libut  00000001800685b8     libut:libut.dll
 0002:000025cc       __IMPORT_DESCRIPTOR_libmwmathutil 00000001800685cc     libmwmathutil:libmwmathutil.dll
 0002:000025e0       __IMPORT_DESCRIPTOR_libemlrt 00000001800685e0     libemlrt:libemlrt.dll
 0002:000025f4       __IMPORT_DESCRIPTOR_KERNEL32 00000001800685f4     kernel32:KERNEL32.dll
 0002:00002608       __IMPORT_DESCRIPTOR_VCRUNTIME140 0000000180068608     vcruntime:VCRUNTIME140.dll
 0002:0000261c       __IMPORT_DESCRIPTOR_api-ms-win-crt-string-l1-1-0 000000018006861c     ucrt:api-ms-win-crt-string-l1-1-0.dll
 0002:00002630       __IMPORT_DESCRIPTOR_api-ms-win-crt-stdio-l1-1-0 0000000180068630     ucrt:api-ms-win-crt-stdio-l1-1-0.dll
 0002:00002644       __IMPORT_DESCRIPTOR_api-ms-win-crt-heap-l1-1-0 0000000180068644     ucrt:api-ms-win-crt-heap-l1-1-0.dll
 0002:00002658       __IMPORT_DESCRIPTOR_api-ms-win-crt-math-l1-1-0 0000000180068658     ucrt:api-ms-win-crt-math-l1-1-0.dll
 0002:0000266c       __IMPORT_DESCRIPTOR_api-ms-win-crt-runtime-l1-1-0 000000018006866c     ucrt:api-ms-win-crt-runtime-l1-1-0.dll
 0002:00002680       __NULL_IMPORT_DESCRIPTOR   0000000180068680     libmwblas:libmwblas.dll
 0003:00006b78       DYNAMIC_DIMENSION          0000000180070b78     FLWSim_sfun_registry.obj
 0003:00007830       __security_cookie          0000000180071830     MSVCRT:gs_cookie.obj
 0003:00007838       __security_cookie_complement 0000000180071838     MSVCRT:gs_cookie.obj
 0003:00007840       _fltused                   0000000180071840     MSVCRT:dllsupp.obj
 0003:00007850       __scrt_native_dllmain_reason 0000000180071850     MSVCRT:utility.obj
 0003:00007858       __isa_available            0000000180071858     MSVCRT:_cpu_disp_.obj
 0003:0000785c       __isa_enabled              000000018007185c     MSVCRT:_cpu_disp_.obj
 0003:00007860       __memcpy_nt_iters          0000000180071860     MSVCRT:_cpu_disp_.obj
 0003:00007870       __scrt_ucrt_dll_is_in_use  0000000180071870     MSVCRT:ucrt_stubs.obj
 0003:000078c0       sfGlobalDebugInstanceStruct 00000001800718c0     FLWSim_sfun_registry.obj
 0003:00008e48       __scrt_current_native_startup_state 0000000180072e48     MSVCRT:utility.obj
[...]
 0004:00001524       $pdata$output1             0000000180074524     dT_Head_src.obj
 0004:00001530       $pdata$dT_LeftHip_src      0000000180074530     dT_LeftHip_src.obj
 0004:0000153c       $pdata$output1             000000018007453c     dT_LeftHip_src.obj
 0004:00001548       $pdata$dT_LeftKnee_src     0000000180074548     dT_LeftKnee_src.obj
 0004:00001554       $pdata$output1             0000000180074554     dT_LeftKnee_src.obj
 0004:00001560       $pdata$dT_LeftShin_src     0000000180074560     dT_LeftShin_src.obj
 0004:0000156c       $pdata$output1             000000018007456c     dT_LeftShin_src.obj
 0004:00001578       $pdata$dT_LeftThigh_src    0000000180074578     dT_LeftThigh_src.obj
 0004:00001584       $pdata$output1             0000000180074584     dT_LeftThigh_src.obj
 0004:00001590       $pdata$dT_LeftToe_src      0000000180074590     dT_LeftToe_src.obj
 0004:0000159c       $pdata$output1             000000018007459c     dT_LeftToe_src.obj
 0004:000015a8       $pdata$dT_RightHip_src     00000001800745a8     dT_RightHip_src.obj
 0004:000015b4       $pdata$output1             00000001800745b4     dT_RightHip_src.obj
 0004:000015c0       $pdata$dT_RightKnee_src    00000001800745c0     dT_RightKnee_src.obj
 0004:000015cc       $pdata$output1             00000001800745cc     dT_RightKnee_src.obj
 0004:000015d8       $pdata$dT_RightShin_src    00000001800745d8     dT_RightShin_src.obj
 0004:000015e4       $pdata$output1             00000001800745e4     dT_RightShin_src.obj
 0004:000015f0       $pdata$dT_RightThigh_src   00000001800745f0     dT_RightThigh_src.obj
 0004:000015fc       $pdata$output1             00000001800745fc     dT_RightThigh_src.obj
 0004:00001608       $pdata$dT_RightToe_src     0000000180074608     dT_RightToe_src.obj
 0004:00001614       $pdata$output1             0000000180074614     dT_RightToe_src.obj
 0004:00001620       $pdata$dT_torso_src        0000000180074620     dT_torso_src.obj
 0004:0000162c       $pdata$output1             000000018007462c     dT_torso_src.obj
 0004:00001638       $pdata$Inertia_LeftShin_src 0000000180074638     Inertia_LeftShin_src.obj
 0004:00001644       $pdata$Inertia_LeftThigh_src 0000000180074644     Inertia_LeftThigh_src.obj
 0004:00001650       $pdata$Inertia_RightShin_src 0000000180074650     Inertia_RightShin_src.obj
 0004:0000165c       $pdata$Inertia_RightThigh_src 000000018007465c     Inertia_RightThigh_src.obj
 0004:00001668       $pdata$Inertia_torso_src   0000000180074668     Inertia_torso_src.obj
 0004:00001674       $pdata$Jb_Head_src         0000000180074674     Jb_Head_src.obj
 0004:00001680       $pdata$output1             0000000180074680     Jb_Head_src.obj
 0004:0000168c       $pdata$Jb_LeftHip_src      000000018007468c     Jb_LeftHip_src.obj
 0004:00001698       $pdata$output1             0000000180074698     Jb_LeftHip_src.obj
 0004:000016a4       $pdata$Jb_LeftKnee_src     00000001800746a4     Jb_LeftKnee_src.obj
 0004:000016b0       $pdata$output1             00000001800746b0     Jb_LeftKnee_src.obj
 0004:000016bc       $pdata$Jb_LeftShin_src     00000001800746bc     Jb_LeftShin_src.obj
 0004:000016c8       $pdata$output1             00000001800746c8     Jb_LeftShin_src.obj
 0004:000016d4       $pdata$Jb_LeftThigh_src    00000001800746d4     Jb_LeftThigh_src.obj
 0004:000016e0       $pdata$output1             00000001800746e0     Jb_LeftThigh_src.obj
 0004:000016ec       $pdata$Jb_LeftToe_src      00000001800746ec     Jb_LeftToe_src.obj
 0004:000016f8       $pdata$output1             00000001800746f8     Jb_LeftToe_src.obj
 0004:00001704       $pdata$Jb_RightHip_src     0000000180074704     Jb_RightHip_src.obj
 0004:00001710       $pdata$output1             0000000180074710     Jb_RightHip_src.obj
 0004:0000171c       $pdata$Jb_RightKnee_src    000000018007471c     Jb_RightKnee_src.obj
 0004:00001728       $pdata$output1             0000000180074728     Jb_RightKnee_src.obj
 0004:00001734       $pdata$Jb_RightShin_src    0000000180074734     Jb_RightShin_src.obj
 0004:00001740       $pdata$output1             0000000180074740     Jb_RightShin_src.obj
 0004:0000174c       $pdata$Jb_RightThigh_src   000000018007474c     Jb_RightThigh_src.obj
 0004:00001758       $pdata$output1             0000000180074758     Jb_RightThigh_src.obj
 0004:00001764       $pdata$Jb_RightToe_src     0000000180074764     Jb_RightToe_src.obj
 0004:00001770       $pdata$output1             0000000180074770     Jb_RightToe_src.obj
 0004:0000177c       $pdata$Jb_torso_src        000000018007477c     Jb_torso_src.obj
 0004:00001788       $pdata$output1             0000000180074788     Jb_torso_src.obj
 0004:00001794       $pdata$Jp_Head_src         0000000180074794     Jp_Head_src.obj
 0004:000017a0       $pdata$output1             00000001800747a0     Jp_Head_src.obj
 0004:000017ac       $pdata$Jp_LeftHip_src      00000001800747ac     Jp_LeftHip_src.obj
 0004:000017b8       $pdata$Jp_LeftKnee_src     00000001800747b8     Jp_LeftKnee_src.obj
 0004:000017c4       $pdata$output1             00000001800747c4     Jp_LeftKnee_src.obj
 0004:000017d0       $pdata$Jp_LeftShin_src     00000001800747d0     Jp_LeftShin_src.obj
 0004:000017dc       $pdata$output1             00000001800747dc     Jp_LeftShin_src.obj
 0004:000017e8       $pdata$Jp_LeftThigh_src    00000001800747e8     Jp_LeftThigh_src.obj
 0004:000017f4       $pdata$output1             00000001800747f4     Jp_LeftThigh_src.obj
 0004:00001800       $pdata$Jp_LeftToe_src      0000000180074800     Jp_LeftToe_src.obj
 0004:0000180c       $pdata$output1             000000018007480c     Jp_LeftToe_src.obj
 0004:00001818       $pdata$Jp_RightHip_src     0000000180074818     Jp_RightHip_src.obj
 0004:00001824       $pdata$Jp_RightKnee_src    0000000180074824     Jp_RightKnee_src.obj
 0004:00001830       $pdata$output1             0000000180074830     Jp_RightKnee_src.obj
 0004:0000183c       $pdata$Jp_RightShin_src    000000018007483c     Jp_RightShin_src.obj
 0004:00001848       $pdata$output1             0000000180074848     Jp_RightShin_src.obj
 0004:00001854       $pdata$Jp_RightThigh_src   0000000180074854     Jp_RightThigh_src.obj
 0004:00001860       $pdata$output1             0000000180074860     Jp_RightThigh_src.obj
 0004:0000186c       $pdata$Jp_RightToe_src     000000018007486c     Jp_RightToe_src.obj
 0004:00001878       $pdata$output1             0000000180074878     Jp_RightToe_src.obj
 0004:00001884       $pdata$Jp_torso_src        0000000180074884     Jp_torso_src.obj
 0004:00001890       $pdata$output1             0000000180074890     Jp_torso_src.obj
 0004:0000189c       $pdata$Js_Head_src         000000018007489c     Js_Head_src.obj
 0004:000018a8       $pdata$Js_LeftHip_src      00000001800748a8     Js_LeftHip_src.obj
 0004:000018b4       $pdata$output1             00000001800748b4     Js_LeftHip_src.obj
 0004:000018c0       $pdata$Js_LeftKnee_src     00000001800748c0     Js_LeftKnee_src.obj
 0004:000018cc       $pdata$output1             00000001800748cc     Js_LeftKnee_src.obj
 0004:000018d8       $pdata$Js_LeftShin_src     00000001800748d8     Js_LeftShin_src.obj
 0004:000018e4       $pdata$output1             00000001800748e4     Js_LeftShin_src.obj
 0004:000018f0       $pdata$Js_LeftThigh_src    00000001800748f0     Js_LeftThigh_src.obj
 0004:000018fc       $pdata$output1             00000001800748fc     Js_LeftThigh_src.obj
 0004:00001908       $pdata$Js_LeftToe_src      0000000180074908     Js_LeftToe_src.obj
 0004:00001914       $pdata$output1             0000000180074914     Js_LeftToe_src.obj
 0004:00001920       $pdata$Js_RightHip_src     0000000180074920     Js_RightHip_src.obj
 0004:0000192c       $pdata$output1             000000018007492c     Js_RightHip_src.obj
 0004:00001938       $pdata$Js_RightKnee_src    0000000180074938     Js_RightKnee_src.obj
 0004:00001944       $pdata$output1             0000000180074944     Js_RightKnee_src.obj
 0004:00001950       $pdata$Js_RightShin_src    0000000180074950     Js_RightShin_src.obj
 0004:0000195c       $pdata$output1             000000018007495c     Js_RightShin_src.obj
 0004:00001968       $pdata$Js_RightThigh_src   0000000180074968     Js_RightThigh_src.obj
 0004:00001974       $pdata$output1             0000000180074974     Js_RightThigh_src.obj
 0004:00001980       $pdata$Js_RightToe_src     0000000180074980     Js_RightToe_src.obj
 0004:0000198c       $pdata$output1             000000018007498c     Js_RightToe_src.obj
 0004:00001998       $pdata$Js_torso_src        0000000180074998     Js_torso_src.obj
 0004:000019a4       $pdata$p_Head_src          00000001800749a4     p_Head_src.obj
 0004:000019b0       $pdata$output1             00000001800749b0     p_Head_src.obj
 0004:000019bc       $pdata$p_LeftHip_src       00000001800749bc     p_LeftHip_src.obj
 0004:000019c8       $pdata$p_LeftKnee_src      00000001800749c8     p_LeftKnee_src.obj
 0004:000019d4       $pdata$output1             00000001800749d4     p_LeftKnee_src.obj
 0004:000019e0       $pdata$p_LeftShin_src      00000001800749e0     p_LeftShin_src.obj
 0004:000019ec       $pdata$output1             00000001800749ec     p_LeftShin_src.obj
 0004:000019f8       $pdata$p_LeftThigh_src     00000001800749f8     p_LeftThigh_src.obj
 0004:00001a04       $pdata$output1             0000000180074a04     p_LeftThigh_src.obj
 0004:00001a10       $pdata$p_LeftToe_src       0000000180074a10     p_LeftToe_src.obj
 0004:00001a1c       $pdata$output1             0000000180074a1c     p_LeftToe_src.obj
 0004:00001a28       $pdata$p_RightHip_src      0000000180074a28     p_RightHip_src.obj
 0004:00001a34       $pdata$p_RightKnee_src     0000000180074a34     p_RightKnee_src.obj
 0004:00001a40       $pdata$output1             0000000180074a40     p_RightKnee_src.obj
 0004:00001a4c       $pdata$p_RightShin_src     0000000180074a4c     p_RightShin_src.obj
 0004:00001a58       $pdata$output1             0000000180074a58     p_RightShin_src.obj
 0004:00001a64       $pdata$p_RightThigh_src    0000000180074a64     p_RightThigh_src.obj
 0004:00001a70       $pdata$output1             0000000180074a70     p_RightThigh_src.obj
 0004:00001a7c       $pdata$p_RightToe_src      0000000180074a7c     p_RightToe_src.obj
 0004:00001a88       $pdata$output1             0000000180074a88     p_RightToe_src.obj
 0004:00001a94       $pdata$p_torso_src         0000000180074a94     p_torso_src.obj
 0004:00001aa0       $pdata$output1             0000000180074aa0     p_torso_src.obj
 0004:00001aac       $pdata$R_Head_src          0000000180074aac     R_Head_src.obj
 0004:00001ab8       $pdata$output1             0000000180074ab8     R_Head_src.obj
 0004:00001ac4       $pdata$R_LeftHip_src       0000000180074ac4     R_LeftHip_src.obj
 0004:00001ad0       $pdata$output1             0000000180074ad0     R_LeftHip_src.obj
 0004:00001adc       $pdata$R_LeftKnee_src      0000000180074adc     R_LeftKnee_src.obj
 0004:00001ae8       $pdata$output1             0000000180074ae8     R_LeftKnee_src.obj
 0004:00001af4       $pdata$R_LeftShin_src      0000000180074af4     R_LeftShin_src.obj
 0004:00001b00       $pdata$output1             0000000180074b00     R_LeftShin_src.obj
 0004:00001b0c       $pdata$R_LeftThigh_src     0000000180074b0c     R_LeftThigh_src.obj
 0004:00001b18       $pdata$output1             0000000180074b18     R_LeftThigh_src.obj
 0004:00001b24       $pdata$R_LeftToe_src       0000000180074b24     R_LeftToe_src.obj
 0004:00001b30       $pdata$output1             0000000180074b30     R_LeftToe_src.obj
 0004:00001b3c       $pdata$R_RightHip_src      0000000180074b3c     R_RightHip_src.obj
 0004:00001b48       $pdata$output1             0000000180074b48     R_RightHip_src.obj
 0004:00001b54       $pdata$R_RightKnee_src     0000000180074b54     R_RightKnee_src.obj
 0004:00001b60       $pdata$output1             0000000180074b60     R_RightKnee_src.obj
 0004:00001b6c       $pdata$R_RightShin_src     0000000180074b6c     R_RightShin_src.obj
 0004:00001b78       $pdata$output1             0000000180074b78     R_RightShin_src.obj
 0004:00001b84       $pdata$R_RightThigh_src    0000000180074b84     R_RightThigh_src.obj
 0004:00001b90       $pdata$output1             0000000180074b90     R_RightThigh_src.obj
 0004:00001b9c       $pdata$R_RightToe_src      0000000180074b9c     R_RightToe_src.obj
 0004:00001ba8       $pdata$output1             0000000180074ba8     R_RightToe_src.obj
 0004:00001bb4       $pdata$R_torso_src         0000000180074bb4     R_torso_src.obj
 0004:00001bc0       $pdata$output1             0000000180074bc0     R_torso_src.obj
 0004:00001bcc       $pdata$T_Head_src          0000000180074bcc     T_Head_src.obj
 0004:00001bd8       $pdata$output1             0000000180074bd8     T_Head_src.obj
 0004:00001be4       $pdata$T_LeftHip_src       0000000180074be4     T_LeftHip_src.obj
 0004:00001bf0       $pdata$output1             0000000180074bf0     T_LeftHip_src.obj
 0004:00001bfc       $pdata$T_LeftKnee_src      0000000180074bfc     T_LeftKnee_src.obj
 0004:00001c08       $pdata$output1             0000000180074c08     T_LeftKnee_src.obj
 0004:00001c14       $pdata$T_LeftShin_src      0000000180074c14     T_LeftShin_src.obj
 0004:00001c20       $pdata$output1             0000000180074c20     T_LeftShin_src.obj
 0004:00001c2c       $pdata$T_LeftThigh_src     0000000180074c2c     T_LeftThigh_src.obj
 0004:00001c38       $pdata$output1             0000000180074c38     T_LeftThigh_src.obj
 0004:00001c44       $pdata$T_LeftToe_src       0000000180074c44     T_LeftToe_src.obj
 0004:00001c50       $pdata$output1             0000000180074c50     T_LeftToe_src.obj
 0004:00001c5c       $pdata$T_RightHip_src      0000000180074c5c     T_RightHip_src.obj
 0004:00001c68       $pdata$output1             0000000180074c68     T_RightHip_src.obj
 0004:00001c74       $pdata$T_RightKnee_src     0000000180074c74     T_RightKnee_src.obj
 0004:00001c80       $pdata$output1             0000000180074c80     T_RightKnee_src.obj
 0004:00001c8c       $pdata$T_RightShin_src     0000000180074c8c     T_RightShin_src.obj
 0004:00001c98       $pdata$output1             0000000180074c98     T_RightShin_src.obj
 0004:00001ca4       $pdata$T_RightThigh_src    0000000180074ca4     T_RightThigh_src.obj
 0004:00001cb0       $pdata$output1             0000000180074cb0     T_RightThigh_src.obj
 0004:00001cbc       $pdata$T_RightToe_src      0000000180074cbc     T_RightToe_src.obj
 0004:00001cc8       $pdata$output1             0000000180074cc8     T_RightToe_src.obj
 0004:00001cd4       $pdata$T_torso_src         0000000180074cd4     T_torso_src.obj
 0004:00001ce0       $pdata$output1             0000000180074ce0     T_torso_src.obj
 0004:00001cec       $pdata$__raise_securityfailure 0000000180074cec     MSVCRT:gs_report.obj
 0004:00001cf8       $pdata$__report_gsfailure  0000000180074cf8     MSVCRT:gs_report.obj
 0004:00001d04       $pdata$__report_rangecheckfailure 0000000180074d04     MSVCRT:gs_report.obj
 0004:00001d10       $pdata$__report_securityfailure 0000000180074d10     MSVCRT:gs_report.obj
 0004:00001d1c       $pdata$__report_securityfailureEx 0000000180074d1c     MSVCRT:gs_report.obj
 0004:00001d28       $pdata$capture_current_context 0000000180074d28     MSVCRT:gs_report.obj
 0004:00001d34       $pdata$capture_previous_context 0000000180074d34     MSVCRT:gs_report.obj
 0004:00001d40       $pdata$__GSHandlerCheck    0000000180074d40     MSVCRT:_gshandler_.obj
 0004:00001d4c       $pdata$__GSHandlerCheckCommon 0000000180074d4c     MSVCRT:_gshandler_.obj
 0004:00001d70       $pdata$?dllmain_crt_dispatch@@YAHQEAUHINSTANCE__@@KQEAX@Z 0000000180074d70     MSVCRT:dll_dllmain.obj
 0004:00001d7c       $pdata$?dllmain_crt_process_attach@@YAHQEAUHINSTANCE__@@QEAX@Z 0000000180074d7c     MSVCRT:dll_dllmain.obj
 0004:00001d88       $pdata$?dllmain_crt_process_detach@@YAH_N@Z 0000000180074d88     MSVCRT:dll_dllmain.obj
 0004:00001d94       $pdata$?dllmain_dispatch@@YAHQEAUHINSTANCE__@@KQEAX@Z 0000000180074d94     MSVCRT:dll_dllmain.obj
 0004:00001da0       $pdata$?dllmain_raw@@YAHQEAUHINSTANCE__@@KQEAX@Z 0000000180074da0     MSVCRT:dll_dllmain.obj
 0004:00001dac       $pdata$_DllMainCRTStartup  0000000180074dac     MSVCRT:dll_dllmain.obj
 0004:00001db8       $pdata$?configure_argv@__scrt_narrow_argv_policy@@SAHXZ 0000000180074db8     MSVCRT:utility.obj
 0004:00001dc4       $pdata$__scrt_acquire_startup_lock 0000000180074dc4     MSVCRT:utility.obj
 0004:00001dd0       $pdata$__scrt_dllmain_after_initialize_c 0000000180074dd0     MSVCRT:utility.obj
 0004:00001ddc       $pdata$__scrt_dllmain_before_initialize_c 0000000180074ddc     MSVCRT:utility.obj
 0004:00001de8       $pdata$__scrt_dllmain_crt_thread_attach 0000000180074de8     MSVCRT:utility.obj
 0004:00001df4       $pdata$__scrt_dllmain_crt_thread_detach 0000000180074df4     MSVCRT:utility.obj
 0004:00001e00       $pdata$__scrt_dllmain_exception_filter 0000000180074e00     MSVCRT:utility.obj
 0004:00001e0c       $pdata$__scrt_dllmain_uninitialize_c 0000000180074e0c     MSVCRT:utility.obj
 0004:00001e18       $pdata$__scrt_dllmain_uninitialize_critical 0000000180074e18     MSVCRT:utility.obj
 0004:00001e24       $pdata$__scrt_initialize_crt 0000000180074e24     MSVCRT:utility.obj
 0004:00001e30       $pdata$__scrt_initialize_onexit_tables 0000000180074e30     MSVCRT:utility.obj
 0004:00001e3c       $pdata$__scrt_is_nonwritable_in_current_image 0000000180074e3c     MSVCRT:utility.obj
 0004:00001e48       $pdata$__scrt_release_startup_lock 0000000180074e48     MSVCRT:utility.obj
 0004:00001e54       $pdata$__scrt_uninitialize_crt 0000000180074e54     MSVCRT:utility.obj
 0004:00001e60       $pdata$_onexit             0000000180074e60     MSVCRT:utility.obj
 0004:00001e6c       $pdata$atexit              0000000180074e6c     MSVCRT:utility.obj
 0004:00001e78       $pdata$__security_init_cookie 0000000180074e78     MSVCRT:gs_support.obj
 0004:00001e84       $pdata$DllMain             0000000180074e84     MSVCRT:dll_dllmain_stub.obj
 0004:00001e90       $pdata$__scrt_initialize_default_local_stdio_options 0000000180074e90     MSVCRT:default_local_stdio_options.obj
 0004:00001e9c       $pdata$__scrt_fastfail     0000000180074e9c     MSVCRT:utility_desktop.obj
 0004:00001ea8       $pdata$__scrt_get_show_window_mode 0000000180074ea8     MSVCRT:utility_desktop.obj
 0004:00001eb4       $pdata$__scrt_is_managed_app 0000000180074eb4     MSVCRT:utility_desktop.obj
 0004:00001ec0       $pdata$__scrt_unhandled_exception_filter 0000000180074ec0     MSVCRT:utility_desktop.obj
 0004:00001ecc       $pdata$_RTC_Initialize     0000000180074ecc     MSVCRT:_initsect_.obj
 0004:00001ed8       $pdata$_RTC_Terminate      0000000180074ed8     MSVCRT:_initsect_.obj
 0004:00001ee4       $pdata$__isa_available_init 0000000180074ee4     MSVCRT:_cpu_disp_.obj
 0004:00001efc       $pdata$?fin$0@?0??dllmain_crt_process_attach@@YAHQEAUHINSTANCE__@@QEAX@Z@4HA 0000000180074efc     MSVCRT:dll_dllmain.obj
 0004:00001f08       $pdata$?fin$0@?0??dllmain_crt_process_detach@@YAH_N@Z@4HA 0000000180074f08     MSVCRT:dll_dllmain.obj
 0004:00001f14       $pdata$?filt$0@?0??dllmain_dispatch@@YAHQEAUHINSTANCE__@@KQEAX@Z@4HA 0000000180074f14     MSVCRT:dll_dllmain.obj
 0004:00001f20       $pdata$__scrt_is_nonwritable_in_current_image$filt$0 0000000180074f20     MSVCRT:utility.obj
 0005:00000000       __guard_fids_?dllmain_crt_process_attach@@YAHQEAUHINSTANCE__@@QEAX@Z 0000000180075000     MSVCRT:dll_dllmain.obj
 0005:00000008       __guard_fids_?dllmain_dispatch@@YAHQEAUHINSTANCE__@@KQEAX@Z 0000000180075008     MSVCRT:dll_dllmain.obj
 0005:0000000c       __guard_fids___scrt_set_unhandled_exception_filter 000000018007500c     MSVCRT:utility_desktop.obj
 0005:00000010       __guard_fids__             0000000180075010     MSVCRT:guard_support.obj
 0005:00000014       __guard_fids__guard_icall_checks_enforced 0000000180075014     MSVCRT:guard_support.obj
